Archive member included to satisfy reference by file (symbol)

/home/light/micro_ros_raspberrypi_pico_sdk/libmicroros/libmicroros.a(libgeometry_msgs__rosidl_typesupport_c-twist__type_support.cpp.obj)
                              CMakeFiles/pico_micro_ros_example.dir/src/pico_micro_ros_example.c.obj (rosidl_typesupport_c__get_message_type_support_handle__geometry_msgs__msg__Twist)
/home/light/micro_ros_raspberrypi_pico_sdk/libmicroros/libmicroros.a(libgeometry_msgs__rosidl_typesupport_introspection_c-twist__type_support.c.obj)
                              /home/light/micro_ros_raspberrypi_pico_sdk/libmicroros/libmicroros.a(libgeometry_msgs__rosidl_typesupport_c-twist__type_support.cpp.obj) (rosidl_typesupport_introspection_c__get_message_type_support_handle__geometry_msgs__msg__Twist)
/home/light/micro_ros_raspberrypi_pico_sdk/libmicroros/libmicroros.a(libgeometry_msgs__rosidl_typesupport_introspection_c-vector3__type_support.c.obj)
                              /home/light/micro_ros_raspberrypi_pico_sdk/libmicroros/libmicroros.a(libgeometry_msgs__rosidl_typesupport_introspection_c-twist__type_support.c.obj) (rosidl_typesupport_introspection_c__get_message_type_support_handle__geometry_msgs__msg__Vector3)
/home/light/micro_ros_raspberrypi_pico_sdk/libmicroros/libmicroros.a(libgeometry_msgs__rosidl_typesupport_microxrcedds_c-twist__type_support_c.c.obj)
                              /home/light/micro_ros_raspberrypi_pico_sdk/libmicroros/libmicroros.a(libgeometry_msgs__rosidl_typesupport_c-twist__type_support.cpp.obj) (rosidl_typesupport_microxrcedds_c__get_message_type_support_handle__geometry_msgs__msg__Twist)
/home/light/micro_ros_raspberrypi_pico_sdk/libmicroros/libmicroros.a(libgeometry_msgs__rosidl_typesupport_microxrcedds_c-vector3__type_support_c.c.obj)
                              /home/light/micro_ros_raspberrypi_pico_sdk/libmicroros/libmicroros.a(libgeometry_msgs__rosidl_typesupport_microxrcedds_c-twist__type_support_c.c.obj) (get_serialized_size_geometry_msgs__msg__Vector3)
/home/light/micro_ros_raspberrypi_pico_sdk/libmicroros/libmicroros.a(libmicrocdr-basic.c.obj)
                              /home/light/micro_ros_raspberrypi_pico_sdk/libmicroros/libmicroros.a(libgeometry_msgs__rosidl_typesupport_microxrcedds_c-vector3__type_support_c.c.obj) (ucdr_serialize_double)
/home/light/micro_ros_raspberrypi_pico_sdk/libmicroros/libmicroros.a(libmicrocdr-common.c.obj)
                              /home/light/micro_ros_raspberrypi_pico_sdk/libmicroros/libmicroros.a(libmicrocdr-basic.c.obj) (ucdr_check_buffer_available_for)
/home/light/micro_ros_raspberrypi_pico_sdk/libmicroros/libmicroros.a(librcl-publisher.c.obj)
                              CMakeFiles/pico_micro_ros_example.dir/src/pico_micro_ros_example.c.obj (rcl_publisher_fini)
/home/light/micro_ros_raspberrypi_pico_sdk/libmicroros/libmicroros.a(librcl-subscription.c.obj)
                              CMakeFiles/pico_micro_ros_example.dir/src/pico_micro_ros_example.c.obj (rcl_subscription_fini)
/home/light/micro_ros_raspberrypi_pico_sdk/libmicroros/libmicroros.a(librclc-executor.c.obj)
                              CMakeFiles/pico_micro_ros_example.dir/src/pico_micro_ros_example.c.obj (rclc_executor_init)
/home/light/micro_ros_raspberrypi_pico_sdk/libmicroros/libmicroros.a(librclc-executor_handle.c.obj)
                              /home/light/micro_ros_raspberrypi_pico_sdk/libmicroros/libmicroros.a(librclc-executor.c.obj) (rclc_executor_handle_counters_zero_init)
/home/light/micro_ros_raspberrypi_pico_sdk/libmicroros/libmicroros.a(librclc-init.c.obj)
                              CMakeFiles/pico_micro_ros_example.dir/src/pico_micro_ros_example.c.obj (rclc_support_init)
/home/light/micro_ros_raspberrypi_pico_sdk/libmicroros/libmicroros.a(librclc-node.c.obj)
                              CMakeFiles/pico_micro_ros_example.dir/src/pico_micro_ros_example.c.obj (rclc_node_init_default)
/home/light/micro_ros_raspberrypi_pico_sdk/libmicroros/libmicroros.a(librclc-publisher.c.obj)
                              CMakeFiles/pico_micro_ros_example.dir/src/pico_micro_ros_example.c.obj (rclc_publisher_init_default)
/home/light/micro_ros_raspberrypi_pico_sdk/libmicroros/libmicroros.a(librclc-sleep.c.obj)
                              /home/light/micro_ros_raspberrypi_pico_sdk/libmicroros/libmicroros.a(librclc-executor.c.obj) (rclc_sleep_ms)
/home/light/micro_ros_raspberrypi_pico_sdk/libmicroros/libmicroros.a(librclc-subscription.c.obj)
                              CMakeFiles/pico_micro_ros_example.dir/src/pico_micro_ros_example.c.obj (rclc_subscription_init_default)
/home/light/micro_ros_raspberrypi_pico_sdk/libmicroros/libmicroros.a(librclc-timer.c.obj)
                              CMakeFiles/pico_micro_ros_example.dir/src/pico_micro_ros_example.c.obj (rclc_timer_init_default)
/home/light/micro_ros_raspberrypi_pico_sdk/libmicroros/libmicroros.a(librcutils-allocator.c.obj)
[...]
Memory Configuration

Name             Origin             Length             Attributes
FLASH            0x0000000010000000 0x0000000000200000 xr
RAM              0x0000000020000000 0x0000000000040000 xrw
SCRATCH_X        0x0000000020040000 0x0000000000001000 xrw
SCRATCH_Y        0x0000000020041000 0x0000000000001000 xrw
*default*        0x0000000000000000 0xffffffffffffffff

Linker script and memory map

LOAD /usr/lib/gcc/arm-none-eabi/10.3.1/thumb/v6-m/nofp/crti.o
LOAD /usr/lib/gcc/arm-none-eabi/10.3.1/thumb/v6-m/nofp/crtbegin.o
LOAD /usr/lib/gcc/arm-none-eabi/10.3.1/../../../arm-none-eabi/lib/thumb/v6-m/nofp/crt0.o

.flash_begin    0x0000000010000000        0x0
                0x0000000010000000                __flash_binary_start = .

.boot2          0x0000000010000000      0x100
                0x0000000010000000                __boot2_start__ = .
 *(.boot2)
 .boot2         0x0000000010000000      0x100 /tmp/ccnKrEKR.o
                0x0000000010000100                __boot2_end__ = .
                0x0000000000000001                ASSERT (((__boot2_end__ - __boot2_start__) == 0x100), ERROR: Pico second stage bootloader must be 256 bytes in size)

.text           0x0000000010000100    0x16de8
                0x0000000010000100                __logical_binary_start = .
 *(.vectors)
 .vectors       0x0000000010000100       0xd4 CMakeFiles/pico_micro_ros_example.dir/home/light/Desktop/dev_ws/src/pico-sdk/src/rp2_common/pico_standard_link/crt0.S.obj
                0x0000000010000100                __vectors
                0x0000000010000100                __VECTOR_TABLE
                0x00000000100001c0                isr_invalid
                0x00000000100001c0                __default_isrs_start
                0x00000000100001c2                isr_nmi
                0x00000000100001c4                isr_hardfault
                0x00000000100001c6                isr_svcall
                0x00000000100001c8                isr_pendsv
                0x00000000100001ca                isr_systick
                0x00000000100001cc                isr_irq30
                0x00000000100001cc                __unhandled_user_irq
                0x00000000100001cc                isr_irq13
                0x00000000100001cc                isr_irq27
                0x00000000100001cc                isr_irq31
                0x00000000100001cc                isr_irq5
                0x00000000100001cc                isr_irq11
                0x00000000100001cc                isr_irq23
                0x00000000100001cc                isr_irq18
                0x00000000100001cc                isr_irq28
                0x00000000100001cc                isr_irq19
                0x00000000100001cc                isr_irq0
                0x00000000100001cc                isr_irq6
                0x00000000100001cc                isr_irq22
                0x00000000100001cc                isr_irq17
                0x00000000100001cc                isr_irq14
                0x00000000100001cc                isr_irq2
                0x00000000100001cc                isr_irq10
                0x00000000100001cc                isr_irq8
                0x00000000100001cc                isr_irq24
                0x00000000100001cc                isr_irq1
                0x00000000100001cc                isr_irq7
                0x00000000100001cc                isr_irq21
                0x00000000100001cc                isr_irq20
                0x00000000100001cc                isr_irq15
                0x00000000100001cc                isr_irq25
                0x00000000100001cc                isr_irq4
                0x00000000100001cc                isr_irq16
                0x00000000100001cc                isr_irq29
                0x00000000100001cc                isr_irq26
                0x00000000100001cc                __default_isrs_end
                0x00000000100001cc                isr_irq3
                0x00000000100001cc                isr_irq12
                0x00000000100001cc                isr_irq9
                0x00000000100001d2                unhandled_user_irq_num_in_r0
 *(.binary_info_header)
 .binary_info_header
                0x00000000100001d4       0x14 CMakeFiles/pico_micro_ros_example.dir/home/light/Desktop/dev_ws/src/pico-sdk/src/rp2_common/pico_standard_link/crt0.S.obj
                0x00000000100001e8                __binary_info_header_end = .
 *(.reset)
 .reset         0x00000000100001e8       0xa0 CMakeFiles/pico_micro_ros_example.dir/home/light/Desktop/dev_ws/src/pico-sdk/src/rp2_common/pico_standard_link/crt0.S.obj
                0x00000000100001e8                _entry_point
 .reset         0x0000000010000288       0x30 CMakeFiles/pico_micro_ros_example.dir/home/light/Desktop/dev_ws/src/pico-sdk/src/rp2_common/pico_standard_link/binary_info.c.obj
 *(.init)
 .init          0x00000000100002b8        0x4 /usr/lib/gcc/arm-none-eabi/10.3.1/thumb/v6-m/nofp/crti.o
                0x00000000100002b8                _init
 *(EXCLUDE_FILE(*libm.a: *libc.a:*lib_a-mem*.o *libgcc.a:) .text*)
 .text          0x00000000100002bc       0x98 /usr/lib/gcc/arm-none-eabi/10.3.1/thumb/v6-m/nofp/crtbegin.o
 .text.subescription_callback
                0x0000000010000354       0x3c CMakeFiles/pico_micro_ros_example.dir/src/pico_micro_ros_example.c.obj
                0x0000000010000354                subescription_callback
 .text.timer_callback
                0x0000000010000390      0x12c CMakeFiles/pico_micro_ros_example.dir/src/pico_micro_ros_example.c.obj
                0x0000000010000390                timer_callback
 .text.get_node
                0x00000000100004bc       0xf0 CMakeFiles/pico_micro_ros_example.dir/src/pico_micro_ros_example.c.obj
                0x00000000100004bc                get_node
 .text.startup.main
                0x00000000100005ac      0x134 CMakeFiles/pico_micro_ros_example.dir/src/pico_micro_ros_example.c.obj
                0x00000000100005ac                main
 .text.clock_gettime
                0x00000000100006e0       0x3c CMakeFiles/pico_micro_ros_example.dir/src/pico_uart_transport.c.obj
                0x00000000100006e0                clock_gettime
 .text.pico_serial_transport_open
                0x000000001000071c        0xc CMakeFiles/pico_micro_ros_example.dir/src/pico_uart_transport.c.obj
                0x000000001000071c                pico_serial_transport_open
 .text.pico_serial_transport_close
                0x0000000010000728        0x4 CMakeFiles/pico_micro_ros_example.dir/src/pico_uart_transport.c.obj
                0x0000000010000728                pico_serial_transport_close
 .text.pico_serial_transport_write
                0x000000001000072c       0x38 CMakeFiles/pico_micro_ros_example.dir/src/pico_uart_transport.c.obj
                0x000000001000072c                pico_serial_transport_write
 .text.pico_serial_transport_read
                0x0000000010000764       0x64 CMakeFiles/pico_micro_ros_example.dir/src/pico_uart_transport.c.obj
                0x0000000010000764                pico_serial_transport_read
 .text.gpio_set_function
                0x00000000100007c8       0x30 CMakeFiles/pico_micro_ros_example.dir/home/light/Desktop/dev_ws/src/pico-sdk/src/rp2_common/hardware_gpio/gpio.c.obj
                0x00000000100007c8                gpio_set_function
 .text.gpio_set_pulls
                0x00000000100007f8       0x30 CMakeFiles/pico_micro_ros_example.dir/home/light/Desktop/dev_ws/src/pico-sdk/src/rp2_common/hardware_gpio/gpio.c.obj
                0x00000000100007f8                gpio_set_pulls
 .text.gpio_init
                0x0000000010000828       0x3c CMakeFiles/pico_micro_ros_example.dir/home/light/Desktop/dev_ws/src/pico-sdk/src/rp2_common/hardware_gpio/gpio.c.obj
                0x0000000010000828                gpio_init
 .text.running_on_fpga
                0x0000000010000864       0x10 CMakeFiles/pico_micro_ros_example.dir/home/light/Desktop/dev_ws/src/pico-sdk/src/rp2_common/pico_platform/platform.c.obj
                0x0000000010000864                running_on_fpga
 .text.hw_claim_or_assert
                0x0000000010000874       0x44 CMakeFiles/pico_micro_ros_example.dir/home/light/Desktop/dev_ws/src/pico-sdk/src/rp2_common/hardware_claim/claim.c.obj
                0x0000000010000874                hw_claim_or_assert
 .text.hw_claim_unused_from_range
                0x00000000100008b8       0x9c CMakeFiles/pico_micro_ros_example.dir/home/light/Desktop/dev_ws/src/pico-sdk/src/rp2_common/hardware_claim/claim.c.obj
                0x00000000100008b8                hw_claim_unused_from_range
 .text.spin_locks_reset
                0x0000000010000954       0x1c CMakeFiles/pico_micro_ros_example.dir/home/light/Desktop/dev_ws/src/pico-sdk/src/rp2_common/hardware_sync/sync.c.obj
                0x0000000010000954                spin_locks_reset
 .text.next_striped_spin_lock_num
                0x0000000010000970       0x18 CMakeFiles/pico_micro_ros_example.dir/home/light/Desktop/dev_ws/src/pico-sdk/src/rp2_common/hardware_sync/sync.c.obj
                0x0000000010000970                next_striped_spin_lock_num
 .text.spin_lock_claim_unused
                0x0000000010000988       0x20 CMakeFiles/pico_micro_ros_example.dir/home/light/Desktop/dev_ws/src/pico-sdk/src/rp2_common/hardware_sync/sync.c.obj
                0x0000000010000988                spin_lock_claim_unused
 .text.irq_set_enabled
                0x00000000100009a8       0x24 CMakeFiles/pico_micro_ros_example.dir/home/light/Desktop/dev_ws/src/pico-sdk/src/rp2_common/hardware_irq/irq.c.obj
                0x00000000100009a8                irq_set_enabled
 .text.irq_set_pending
                0x00000000100009cc       0x10 CMakeFiles/pico_micro_ros_example.dir/home/light/Desktop/dev_ws/src/pico-sdk/src/rp2_common/hardware_irq/irq.c.obj
                0x00000000100009cc                irq_set_pending
 .text.irq_has_shared_handler
                0x00000000100009dc       0x2c CMakeFiles/pico_micro_ros_example.dir/home/light/Desktop/dev_ws/src/pico-sdk/src/rp2_common/hardware_irq/irq.c.obj
                0x00000000100009dc                irq_has_shared_handler
 .text.irq_get_vtable_handler
                0x0000000010000a08       0x10 CMakeFiles/pico_micro_ros_example.dir/home/light/Desktop/dev_ws/src/pico-sdk/src/rp2_common/hardware_irq/irq.c.obj
                0x0000000010000a08                irq_get_vtable_handler
 .text.irq_set_exclusive_handler
                0x0000000010000a18       0x54 CMakeFiles/pico_micro_ros_example.dir/home/light/Desktop/dev_ws/src/pico-sdk/src/rp2_common/hardware_irq/irq.c.obj
                0x0000000010000a18                irq_set_exclusive_handler
 .text.irq_add_shared_handler
                0x0000000010000a6c      0x1e8 CMakeFiles/pico_micro_ros_example.dir/home/light/Desktop/dev_ws/src/pico-sdk/src/rp2_common/hardware_irq/irq.c.obj
                0x0000000010000a6c                irq_add_shared_handler
 .text.irq_remove_handler
                0x0000000010000c54      0x1b0 CMakeFiles/pico_micro_ros_example.dir/home/light/Desktop/dev_ws/src/pico-sdk/src/rp2_common/hardware_irq/irq.c.obj
                0x0000000010000c54                irq_remove_handler
 .text.irq_add_tail_to_free_list
                0x0000000010000e04       0xb4 CMakeFiles/pico_micro_ros_example.dir/home/light/Desktop/dev_ws/src/pico-sdk/src/rp2_common/hardware_irq/irq.c.obj
                0x0000000010000e04                irq_add_tail_to_free_list
 .text.irq_init_priorities
                0x0000000010000eb8       0x24 CMakeFiles/pico_micro_ros_example.dir/home/light/Desktop/dev_ws/src/pico-sdk/src/rp2_common/hardware_irq/irq.c.obj
                0x0000000010000eb8                irq_init_priorities
 .text.user_irq_claim_unused
                0x0000000010000edc       0x28 CMakeFiles/pico_micro_ros_example.dir/home/light/Desktop/dev_ws/src/pico-sdk/src/rp2_common/hardware_irq/irq.c.obj
                0x0000000010000edc                user_irq_claim_unused
 .text.lock_init
                0x0000000010000f04       0x10 CMakeFiles/pico_micro_ros_example.dir/home/light/Desktop/dev_ws/src/pico-sdk/src/common/pico_sync/lock_core.c.obj
                0x0000000010000f04                lock_init
 .text.mutex_init
                0x0000000010000f14       0x1c CMakeFiles/pico_micro_ros_example.dir/home/light/Desktop/dev_ws/src/pico-sdk/src/common/pico_sync/mutex.c.obj
                0x0000000010000f14                mutex_init
 .text.recursive_mutex_init
                0x0000000010000f30       0x1c CMakeFiles/pico_micro_ros_example.dir/home/light/Desktop/dev_ws/src/pico-sdk/src/common/pico_sync/mutex.c.obj
                0x0000000010000f30                recursive_mutex_init
 .text.critical_section_init
                0x0000000010000f4c       0x20 CMakeFiles/pico_micro_ros_example.dir/home/light/Desktop/dev_ws/src/pico-sdk/src/common/pico_sync/critical_section.c.obj
                0x0000000010000f4c                critical_section_init
 .text.critical_section_init_with_lock_num
                0x0000000010000f6c       0x14 CMakeFiles/pico_micro_ros_example.dir/home/light/Desktop/dev_ws/src/pico-sdk/src/common/pico_sync/critical_section.c.obj
                0x0000000010000f6c                critical_section_init_with_lock_num
 .text.timer_pool_entry_comparator
                0x0000000010000f80       0x34 CMakeFiles/pico_micro_ros_example.dir/home/light/Desktop/dev_ws/src/pico-sdk/src/common/pico_time/time.c.obj
                0x0000000010000f80                timer_pool_entry_comparator
 .text.sleep_until_callback
                0x0000000010000fb4       0x30 CMakeFiles/pico_micro_ros_example.dir/home/light/Desktop/dev_ws/src/pico-sdk/src/common/pico_time/time.c.obj
 .text.add_alarm_under_lock.isra.0
                0x0000000010000fe4      0x100 CMakeFiles/pico_micro_ros_example.dir/home/light/Desktop/dev_ws/src/pico-sdk/src/common/pico_time/time.c.obj
 .text.alarm_pool_alarm_callback
                0x00000000100010e4      0x1bc CMakeFiles/pico_micro_ros_example.dir/home/light/Desktop/dev_ws/src/pico-sdk/src/common/pico_time/time.c.obj
 .text.alarm_pool_init_default
                0x00000000100012a0       0x6c CMakeFiles/pico_micro_ros_example.dir/home/light/Desktop/dev_ws/src/pico-sdk/src/common/pico_time/time.c.obj
                0x00000000100012a0                alarm_pool_init_default
 .text.alarm_pool_get_default
                0x000000001000130c        0x8 CMakeFiles/pico_micro_ros_example.dir/home/light/Desktop/dev_ws/src/pico-sdk/src/common/pico_time/time.c.obj
                0x000000001000130c                alarm_pool_get_default
 .text.alarm_pool_add_alarm_at
                0x0000000010001314      0x178 CMakeFiles/pico_micro_ros_example.dir/home/light/Desktop/dev_ws/src/pico-sdk/src/common/pico_time/time.c.obj
                0x0000000010001314                alarm_pool_add_alarm_at
 .text.alarm_pool_core_num
                0x000000001000148c        0x4 CMakeFiles/pico_micro_ros_example.dir/home/light/Desktop/dev_ws/src/pico-sdk/src/common/pico_time/time.c.obj
                0x000000001000148c                alarm_pool_core_num
 .text.best_effort_wfe_or_timeout
                0x0000000010001490       0xd4 CMakeFiles/pico_micro_ros_example.dir/home/light/Desktop/dev_ws/src/pico-sdk/src/common/pico_time/time.c.obj
                0x0000000010001490                best_effort_wfe_or_timeout
 .text.hardware_alarm_irq_handler
                0x0000000010001564       0xbc CMakeFiles/pico_micro_ros_example.dir/home/light/Desktop/dev_ws/src/pico-sdk/src/rp2_common/hardware_timer/timer.c.obj
 .text.hardware_alarm_claim
                0x0000000010001620       0x18 CMakeFiles/pico_micro_ros_example.dir/home/light/Desktop/dev_ws/src/pico-sdk/src/rp2_common/hardware_timer/timer.c.obj
                0x0000000010001620                hardware_alarm_claim
 .text.time_us_64
                0x0000000010001638       0x14 CMakeFiles/pico_micro_ros_example.dir/home/light/Desktop/dev_ws/src/pico-sdk/src/rp2_common/hardware_timer/timer.c.obj
                0x0000000010001638                time_us_64
 .text.busy_wait_us
                0x000000001000164c       0x54 CMakeFiles/pico_micro_ros_example.dir/home/light/Desktop/dev_ws/src/pico-sdk/src/rp2_common/hardware_timer/timer.c.obj
                0x000000001000164c                busy_wait_us
 .text.hardware_alarm_set_callback
                0x00000000100016a0       0x8c CMakeFiles/pico_micro_ros_example.dir/home/light/Desktop/dev_ws/src/pico-sdk/src/rp2_common/hardware_timer/timer.c.obj
                0x00000000100016a0                hardware_alarm_set_callback
 .text.hardware_alarm_set_target
                0x000000001000172c       0xd4 CMakeFiles/pico_micro_ros_example.dir/home/light/Desktop/dev_ws/src/pico-sdk/src/rp2_common/hardware_timer/timer.c.obj
                0x000000001000172c                hardware_alarm_set_target
 .text.hardware_alarm_cancel
                0x0000000010001800       0x3c CMakeFiles/pico_micro_ros_example.dir/home/light/Desktop/dev_ws/src/pico-sdk/src/rp2_common/hardware_timer/timer.c.obj
                0x0000000010001800                hardware_alarm_cancel
 .text.ph_merge_nodes
                0x000000001000183c       0x68 CMakeFiles/pico_micro_ros_example.dir/home/light/Desktop/dev_ws/src/pico-sdk/src/common/pico_util/pheap.c.obj
 .text.ph_post_alloc_init
                0x00000000100018a4       0x3c CMakeFiles/pico_micro_ros_example.dir/home/light/Desktop/dev_ws/src/pico-sdk/src/common/pico_util/pheap.c.obj
                0x00000000100018a4                ph_post_alloc_init
 .text.ph_merge_two_pass
                0x00000000100018e0       0x90 CMakeFiles/pico_micro_ros_example.dir/home/light/Desktop/dev_ws/src/pico-sdk/src/common/pico_util/pheap.c.obj
                0x00000000100018e0                ph_merge_two_pass
 .text.ph_remove_any_head
                0x0000000010001970      0x100 CMakeFiles/pico_micro_ros_example.dir/home/light/Desktop/dev_ws/src/pico-sdk/src/common/pico_util/pheap.c.obj
 .text.ph_remove_head
                0x0000000010001a70      0x104 CMakeFiles/pico_micro_ros_example.dir/home/light/Desktop/dev_ws/src/pico-sdk/src/common/pico_util/pheap.c.obj
                0x0000000010001a70                ph_remove_head
 .text.ph_remove_and_free_node
                0x0000000010001b74       0x7c CMakeFiles/pico_micro_ros_example.dir/home/light/Desktop/dev_ws/src/pico-sdk/src/common/pico_util/pheap.c.obj
                0x0000000010001b74                ph_remove_and_free_node
 .text.clocks_init
                0x0000000010001bf0      0x2d0 CMakeFiles/pico_micro_ros_example.dir/home/light/Desktop/dev_ws/src/pico-sdk/src/rp2_common/hardware_clocks/clocks.c.obj
                0x0000000010001bf0                clocks_init
 .text.clock_get_hz
                0x0000000010001ec0        0xc CMakeFiles/pico_micro_ros_example.dir/home/light/Desktop/dev_ws/src/pico-sdk/src/rp2_common/hardware_clocks/clocks.c.obj
                0x0000000010001ec0                clock_get_hz
 .text.pll_init
                0x0000000010001ecc       0xa0 CMakeFiles/pico_micro_ros_example.dir/home/light/Desktop/dev_ws/src/pico-sdk/src/rp2_common/hardware_pll/pll.c.obj
                0x0000000010001ecc                pll_init
 .text.watchdog_start_tick
                0x0000000010001f6c       0x10 CMakeFiles/pico_micro_ros_example.dir/home/light/Desktop/dev_ws/src/pico-sdk/src/rp2_common/hardware_watchdog/watchdog.c.obj
                0x0000000010001f6c                watchdog_start_tick
 .text.watchdog_reboot
                0x0000000010001f7c       0x98 CMakeFiles/pico_micro_ros_example.dir/home/light/Desktop/dev_ws/src/pico-sdk/src/rp2_common/hardware_watchdog/watchdog.c.obj
                0x0000000010001f7c                watchdog_reboot
 .text.xosc_init
                0x0000000010002014       0x28 CMakeFiles/pico_micro_ros_example.dir/home/light/Desktop/dev_ws/src/pico-sdk/src/rp2_common/hardware_xosc/xosc.c.obj
                0x0000000010002014                xosc_init
 .text.runtime_init
                0x000000001000203c       0xf0 CMakeFiles/pico_micro_ros_example.dir/home/light/Desktop/dev_ws/src/pico-sdk/src/rp2_common/pico_runtime/runtime.c.obj
                0x000000001000203c                runtime_init
 .text._exit    0x000000001000212c        0x4 CMakeFiles/pico_micro_ros_example.dir/home/light/Desktop/dev_ws/src/pico-sdk/src/rp2_common/pico_runtime/runtime.c.obj
                0x000000001000212c                _exit
 .text._sbrk    0x0000000010002130       0x34 CMakeFiles/pico_micro_ros_example.dir/home/light/Desktop/dev_ws/src/pico-sdk/src/rp2_common/pico_runtime/runtime.c.obj
                0x0000000010002130                _sbrk
 .text.exit     0x0000000010002164        0x8 CMakeFiles/pico_micro_ros_example.dir/home/light/Desktop/dev_ws/src/pico-sdk/src/rp2_common/pico_runtime/runtime.c.obj
                0x0000000010002164                exit
 .text.panic    0x000000001000216c       0x30 CMakeFiles/pico_micro_ros_example.dir/home/light/Desktop/dev_ws/src/pico-sdk/src/rp2_common/pico_runtime/runtime.c.obj
                0x000000001000216c                panic
 .text.hard_assertion_failure
                0x000000001000219c        0xc CMakeFiles/pico_micro_ros_example.dir/home/light/Desktop/dev_ws/src/pico-sdk/src/rp2_common/pico_runtime/runtime.c.obj
                0x000000001000219c                hard_assertion_failure
 .text._out_buffer
                0x00000000100021a8        0x8 CMakeFiles/pico_micro_ros_example.dir/home/light/Desktop/dev_ws/src/pico-sdk/src/rp2_common/pico_printf/printf.c.obj
 .text._out_null
                0x00000000100021b0        0x4 CMakeFiles/pico_micro_ros_example.dir/home/light/Desktop/dev_ws/src/pico-sdk/src/rp2_common/pico_printf/printf.c.obj
 .text._out_rev
                0x00000000100021b4       0x9c CMakeFiles/pico_micro_ros_example.dir/home/light/Desktop/dev_ws/src/pico-sdk/src/rp2_common/pico_printf/printf.c.obj
 .text._ntoa_format
                0x0000000010002250      0x1cc CMakeFiles/pico_micro_ros_example.dir/home/light/Desktop/dev_ws/src/pico-sdk/src/rp2_common/pico_printf/printf.c.obj
 .text._out_char
                0x000000001000241c       0x10 CMakeFiles/pico_micro_ros_example.dir/home/light/Desktop/dev_ws/src/pico-sdk/src/rp2_common/pico_printf/printf.c.obj
 .text._etoa    0x000000001000242c      0x44c CMakeFiles/pico_micro_ros_example.dir/home/light/Desktop/dev_ws/src/pico-sdk/src/rp2_common/pico_printf/printf.c.obj
 .text._ftoa    0x0000000010002878      0x398 CMakeFiles/pico_micro_ros_example.dir/home/light/Desktop/dev_ws/src/pico-sdk/src/rp2_common/pico_printf/printf.c.obj
 .text._vsnprintf
                0x0000000010002c10      0xb04 CMakeFiles/pico_micro_ros_example.dir/home/light/Desktop/dev_ws/src/pico-sdk/src/rp2_common/pico_printf/printf.c.obj
 .text.__wrap_snprintf
                0x0000000010003714       0x28 CMakeFiles/pico_micro_ros_example.dir/home/light/Desktop/dev_ws/src/pico-sdk/src/rp2_common/pico_printf/printf.c.obj
                0x0000000010003714                __wrap_snprintf
 .text.__wrap_vsnprintf
                0x000000001000373c       0x1c CMakeFiles/pico_micro_ros_example.dir/home/light/Desktop/dev_ws/src/pico-sdk/src/rp2_common/pico_printf/printf.c.obj
                0x000000001000373c                __wrap_vsnprintf
 .text.weak_raw_vprintf
                0x0000000010003758       0x30 CMakeFiles/pico_micro_ros_example.dir/home/light/Desktop/dev_ws/src/pico-sdk/src/rp2_common/pico_printf/printf.c.obj
                0x0000000010003758                weak_raw_vprintf
 .text          0x0000000010003788       0x10 CMakeFiles/pico_micro_ros_example.dir/home/light/Desktop/dev_ws/src/pico-sdk/src/rp2_common/pico_bit_ops/bit_ops_aeabi.S.obj
 .text.rom_func_lookup
                0x0000000010003798       0x10 CMakeFiles/pico_micro_ros_example.dir/home/light/Desktop/dev_ws/src/pico-sdk/src/rp2_common/pico_bootrom/bootrom.c.obj
                0x0000000010003798                rom_func_lookup
 .text.rom_data_lookup
                0x00000000100037a8       0x10 CMakeFiles/pico_micro_ros_example.dir/home/light/Desktop/dev_ws/src/pico-sdk/src/rp2_common/pico_bootrom/bootrom.c.obj
                0x00000000100037a8                rom_data_lookup
 .text.rom_funcs_lookup
                0x00000000100037b8       0x44 CMakeFiles/pico_micro_ros_example.dir/home/light/Desktop/dev_ws/src/pico-sdk/src/rp2_common/pico_bootrom/bootrom.c.obj
                0x00000000100037b8                rom_funcs_lookup
 .text.__wrap___aeabi_idiv
                0x00000000100037fc       0x50 CMakeFiles/pico_micro_ros_example.dir/home/light/Desktop/dev_ws/src/pico-sdk/src/rp2_common/pico_divider/divider.S.obj
                0x00000000100037fc                __wrap___aeabi_idivmod
                0x00000000100037fc                divmod_s32s32
                0x00000000100037fc                div_s32s32
                0x00000000100037fc                __wrap___aeabi_idiv
                0x0000000010003804                divmod_s32s32_unsafe
                0x0000000010003830                divmod_s32s32_savestate
 .text.__wrap___aeabi_uidiv
                0x000000001000384c       0x4c CMakeFiles/pico_micro_ros_example.dir/home/light/Desktop/dev_ws/src/pico-sdk/src/rp2_common/pico_divider/divider.S.obj
                0x000000001000384c                __wrap___aeabi_uidiv
                0x000000001000384c                __wrap___aeabi_uidivmod
                0x000000001000384c                div_u32u32
                0x000000001000384c                divmod_u32u32
                0x0000000010003854                divmod_u32u32_unsafe
                0x000000001000387c                divmod_u32u32_savestate
 .text.__wrap___aeabi_ldiv
                0x0000000010003898      0x424 CMakeFiles/pico_micro_ros_example.dir/home/light/Desktop/dev_ws/src/pico-sdk/src/rp2_common/pico_divider/divider.S.obj
                0x0000000010003898                div_s64s64
                0x0000000010003898                divmod_s64s64
                0x0000000010003898                __wrap___aeabi_ldivmod
                0x00000000100038c8                div_u64u64
                0x00000000100038c8                divmod_u64u64
                0x00000000100038c8                __wrap___aeabi_uldivmod
                0x00000000100038d8                divmod_u64u64_savestate
                0x00000000100038f8                divmod_s64s64_unsafe
                0x0000000010003980                divmod_u64u64_unsafe
 .text.__wrap___aeabi_darithmetic
                0x0000000010003cbc       0x80 CMakeFiles/pico_micro_ros_example.dir/home/light/Desktop/dev_ws/src/pico-sdk/src/rp2_common/pico_double/double_aeabi.S.obj
                0x0000000010003cbc                __wrap___aeabi_drsub
                0x0000000010003cc2                __wrap___aeabi_dsub
                0x0000000010003cd4                __wrap___aeabi_dadd
                0x0000000010003ce6                __wrap___aeabi_ddiv
                0x0000000010003d22                __wrap___aeabi_dmul
 .text.__wrap___aeabi_cdcmple
                0x0000000010003d3c       0x6c CMakeFiles/pico_micro_ros_example.dir/home/light/Desktop/dev_ws/src/pico-sdk/src/rp2_common/pico_double/double_aeabi.S.obj
                0x0000000010003d3c                __wrap___aeabi_cdrcmple
                0x0000000010003d4c                __wrap___aeabi_cdcmple
                0x0000000010003d4c                __wrap___aeabi_cdcmpeq
 .text.__wrap___aeabi_dcmplt
                0x0000000010003da8        0xc CMakeFiles/pico_micro_ros_example.dir/home/light/Desktop/dev_ws/src/pico-sdk/src/rp2_common/pico_double/double_aeabi.S.obj
                0x0000000010003da8                __wrap___aeabi_dcmplt
 .text.__wrap___aeabi_dcmple
                0x0000000010003db4       0x10 CMakeFiles/pico_micro_ros_example.dir/home/light/Desktop/dev_ws/src/pico-sdk/src/rp2_common/pico_double/double_aeabi.S.obj
                0x0000000010003db4                __wrap___aeabi_dcmple
 .text.__wrap___aeabi_dcmpge
                0x0000000010003dc4       0x10 CMakeFiles/pico_micro_ros_example.dir/home/light/Desktop/dev_ws/src/pico-sdk/src/rp2_common/pico_double/double_aeabi.S.obj
                0x0000000010003dc4                __wrap___aeabi_dcmpge
 .text.__wrap___aeabi_dcmpgt
                0x0000000010003dd4        0xa CMakeFiles/pico_micro_ros_example.dir/home/light/Desktop/dev_ws/src/pico-sdk/src/rp2_common/pico_double/double_aeabi.S.obj
                0x0000000010003dd4                __wrap___aeabi_dcmpgt
 .text.__wrap___aeabi_dcmpun
                0x0000000010003dde       0x1c CMakeFiles/pico_micro_ros_example.dir/home/light/Desktop/dev_ws/src/pico-sdk/src/rp2_common/pico_double/double_aeabi.S.obj
                0x0000000010003dde                __wrap___aeabi_dcmpun
 *fill*         0x0000000010003dfa        0x2 
 .text.__wrap___aeabi_i2d
                0x0000000010003dfc       0x38 CMakeFiles/pico_micro_ros_example.dir/home/light/Desktop/dev_ws/src/pico-sdk/src/rp2_common/pico_double/double_aeabi.S.obj
                0x0000000010003dfc                __wrap___aeabi_ui2d
                0x0000000010003e04                __wrap___aeabi_i2d
 .text.__wrap___aeabi_d2iz
                0x0000000010003e34       0x48 CMakeFiles/pico_micro_ros_example.dir/home/light/Desktop/dev_ws/src/pico-sdk/src/rp2_common/pico_double/double_aeabi.S.obj
                0x0000000010003e34                __wrap___aeabi_d2iz
                0x0000000010003e34                double2int_z
 .text.__wrap___aeabi_d2uiz
                0x0000000010003e7c       0x18 CMakeFiles/pico_micro_ros_example.dir/home/light/Desktop/dev_ws/src/pico-sdk/src/rp2_common/pico_double/double_aeabi.S.obj
                0x0000000010003e7c                double2uint
                0x0000000010003e7c                __wrap___aeabi_d2uiz
 .text.__aeabi_double_init
                0x0000000010003e94       0x94 CMakeFiles/pico_micro_ros_example.dir/home/light/Desktop/dev_ws/src/pico-sdk/src/rp2_common/pico_double/double_init_rom.c.obj
                0x0000000010003e94                __aeabi_double_init
 .text.double_table_shim_on_use_helper
                0x0000000010003f28       0x2c CMakeFiles/pico_micro_ros_example.dir/home/light/Desktop/dev_ws/src/pico-sdk/src/rp2_common/pico_double/double_v1_rom_shim.S.obj
                0x0000000010003f28                double_table_shim_on_use_helper
 .text.__wrap___aeabi_dsub
                0x0000000010003f54       0x10 CMakeFiles/pico_micro_ros_example.dir/home/light/Desktop/dev_ws/src/pico-sdk/src/rp2_common/pico_double/double_v1_rom_shim.S.obj
                0x0000000010003f54                drsub_shim
                0x0000000010003f5a                dsub_shim
 .text.dadd_shim
                0x0000000010003f64      0x15c CMakeFiles/pico_micro_ros_example.dir/home/light/Desktop/dev_ws/src/pico-sdk/src/rp2_common/pico_double/double_v1_rom_shim.S.obj
                0x0000000010003f64                dadd_shim
 .text.dmul_shim
                0x00000000100040c0      0x15c CMakeFiles/pico_micro_ros_example.dir/home/light/Desktop/dev_ws/src/pico-sdk/src/rp2_common/pico_double/double_v1_rom_shim.S.obj
                0x00000000100040c0                dmul_shim
 .text.ddiv_shim
                0x000000001000421c      0x1b0 CMakeFiles/pico_micro_ros_example.dir/home/light/Desktop/dev_ws/src/pico-sdk/src/rp2_common/pico_double/double_v1_rom_shim.S.obj
                0x000000001000421c                ddiv_shim
 .text.double2uint_shim
                0x00000000100043cc        0xe CMakeFiles/pico_micro_ros_example.dir/home/light/Desktop/dev_ws/src/pico-sdk/src/rp2_common/pico_double/double_v1_rom_shim.S.obj
                0x00000000100043cc                double2uint_shim
                0x00000000100043ce                double2ufix_shim
 *fill*         0x00000000100043da        0x2 
 .text.double2uint64_shim
                0x00000000100043dc       0x70 CMakeFiles/pico_micro_ros_example.dir/home/light/Desktop/dev_ws/src/pico-sdk/src/rp2_common/pico_double/double_v1_rom_shim.S.obj
                0x00000000100043dc                double2uint64_shim
                0x00000000100043de                double2ufix64_shim
                0x00000000100043fe                d2fix_a
 .text.dunpacks
                0x000000001000444c       0x3c CMakeFiles/pico_micro_ros_example.dir/home/light/Desktop/dev_ws/src/pico-sdk/src/rp2_common/pico_double/double_v1_rom_shim.S.obj
                0x000000001000444c                dunpacks
 .text.__aeabi_lmul
                0x0000000010004488       0x32 CMakeFiles/pico_micro_ros_example.dir/home/light/Desktop/dev_ws/src/pico-sdk/src/rp2_common/pico_int64_ops/pico_int64_ops_aeabi.S.obj
                0x0000000010004488                __wrap___aeabi_lmul
 *fill*         0x00000000100044ba        0x2 
 .text.__wrap___aeabi_farithmetic
                0x00000000100044bc       0x48 CMakeFiles/pico_micro_ros_example.dir/home/light/Desktop/dev_ws/src/pico-sdk/src/rp2_common/pico_float/float_aeabi.S.obj
                0x00000000100044bc                __wrap___aeabi_frsub
                0x00000000100044c2                __wrap___aeabi_fsub
                0x00000000100044c8                __wrap___aeabi_fadd
                0x00000000100044ce                __wrap___aeabi_fdiv
                0x00000000100044f6                __wrap___aeabi_fmul
 .text.__wrap___aeabi_ui2f
                0x0000000010004504        0xa CMakeFiles/pico_micro_ros_example.dir/home/light/Desktop/dev_ws/src/pico-sdk/src/rp2_common/pico_float/float_aeabi.S.obj
                0x0000000010004504                __wrap___aeabi_ui2f
 *fill*         0x000000001000450e        0x2 
 .text.__wrap___aeabi_i2f
                0x0000000010004510       0x44 CMakeFiles/pico_micro_ros_example.dir/home/light/Desktop/dev_ws/src/pico-sdk/src/rp2_common/pico_float/float_aeabi.S.obj
                0x0000000010004510                __wrap___aeabi_i2f
 .text.__wrap___aeabi_f2iz
                0x0000000010004554       0x4e CMakeFiles/pico_micro_ros_example.dir/home/light/Desktop/dev_ws/src/pico-sdk/src/rp2_common/pico_float/float_aeabi.S.obj
                0x0000000010004554                __wrap___aeabi_f2iz
                0x0000000010004554                float2int_z
 *fill*         0x00000000100045a2        0x2 
 .text.float2int
                0x00000000100045a4       0x14 CMakeFiles/pico_micro_ros_example.dir/home/light/Desktop/dev_ws/src/pico-sdk/src/rp2_common/pico_float/float_aeabi.S.obj
                0x00000000100045a4                float2int
 .text.__wrap___aeabi_f2uiz
                0x00000000100045b8        0xc CMakeFiles/pico_micro_ros_example.dir/home/light/Desktop/dev_ws/src/pico-sdk/src/rp2_common/pico_float/float_aeabi.S.obj
                0x00000000100045b8                __wrap___aeabi_f2uiz
 .text.__aeabi_float_init
                0x00000000100045c4       0x64 CMakeFiles/pico_micro_ros_example.dir/home/light/Desktop/dev_ws/src/pico-sdk/src/rp2_common/pico_float/float_init_rom.c.obj
                0x00000000100045c4                __aeabi_float_init
 .text.float_table_shim_on_use_helper
                0x0000000010004628       0x2c CMakeFiles/pico_micro_ros_example.dir/home/light/Desktop/dev_ws/src/pico-sdk/src/rp2_common/pico_float/float_v1_rom_shim.S.obj
                0x0000000010004628                float_table_shim_on_use_helper
 .text.float232_shims
                0x0000000010004654       0x18 CMakeFiles/pico_micro_ros_example.dir/home/light/Desktop/dev_ws/src/pico-sdk/src/rp2_common/pico_float/float_v1_rom_shim.S.obj
                0x0000000010004654                float2int_shim
                0x0000000010004656                float2fix_shim
 .text.__wrap_malloc
                0x000000001000466c       0x24 CMakeFiles/pico_micro_ros_example.dir/home/light/Desktop/dev_ws/src/pico-sdk/src/rp2_common/pico_malloc/pico_malloc.c.obj
                0x000000001000466c                __wrap_malloc
 .text.__wrap_calloc
                0x0000000010004690       0x24 CMakeFiles/pico_micro_ros_example.dir/home/light/Desktop/dev_ws/src/pico-sdk/src/rp2_common/pico_malloc/pico_malloc.c.obj
                0x0000000010004690                __wrap_calloc
 .text.__wrap_realloc
                0x00000000100046b4       0x24 CMakeFiles/pico_micro_ros_example.dir/home/light/Desktop/dev_ws/src/pico-sdk/src/rp2_common/pico_malloc/pico_malloc.c.obj
                0x00000000100046b4                __wrap_realloc
 .text.__wrap_free
                0x00000000100046d8        0x8 CMakeFiles/pico_micro_ros_example.dir/home/light/Desktop/dev_ws/src/pico-sdk/src/rp2_common/pico_malloc/pico_malloc.c.obj
                0x00000000100046d8                __wrap_free
 .text          0x00000000100046e0       0x10 CMakeFiles/pico_micro_ros_example.dir/home/light/Desktop/dev_ws/src/pico-sdk/src/rp2_common/pico_mem_ops/mem_ops_aeabi.S.obj
                0x00000000100046e0                __aeabi_mem_init
 .text.memset   0x00000000100046f0        0xc CMakeFiles/pico_micro_ros_example.dir/home/light/Desktop/dev_ws/src/pico-sdk/src/rp2_common/pico_mem_ops/mem_ops_aeabi.S.obj
                0x00000000100046f0                __wrap_memset
 .text.memcpy   0x00000000100046fc        0xc CMakeFiles/pico_micro_ros_example.dir/home/light/Desktop/dev_ws/src/pico-sdk/src/rp2_common/pico_mem_ops/mem_ops_aeabi.S.obj
                0x00000000100046fc                __wrap___aeabi_memcpy
                0x00000000100046fc                __wrap_memcpy
 .text.stdio_out_chars_no_crlf
                0x0000000010004708       0x10 CMakeFiles/pico_micro_ros_example.dir/home/light/Desktop/dev_ws/src/pico-sdk/src/rp2_common/pico_stdio/stdio.c.obj
 .text.stdio_out_chars_crlf
                0x0000000010004718       0x10 CMakeFiles/pico_micro_ros_example.dir/home/light/Desktop/dev_ws/src/pico-sdk/src/rp2_common/pico_stdio/stdio.c.obj
 .text.stdio_put_string.isra.0
                0x0000000010004728       0xfc CMakeFiles/pico_micro_ros_example.dir/home/light/Desktop/dev_ws/src/pico-sdk/src/rp2_common/pico_stdio/stdio.c.obj
 .text.__wrap_putchar
                0x0000000010004824       0x98 CMakeFiles/pico_micro_ros_example.dir/home/light/Desktop/dev_ws/src/pico-sdk/src/rp2_common/pico_stdio/stdio.c.obj
                0x0000000010004824                __wrap_putchar
 .text.__wrap_puts
                0x00000000100048bc       0x3c CMakeFiles/pico_micro_ros_example.dir/home/light/Desktop/dev_ws/src/pico-sdk/src/rp2_common/pico_stdio/stdio.c.obj
                0x00000000100048bc                __wrap_puts
 .text.stdio_set_driver_enabled
                0x00000000100048f8       0x30 CMakeFiles/pico_micro_ros_example.dir/home/light/Desktop/dev_ws/src/pico-sdk/src/rp2_common/pico_stdio/stdio.c.obj
                0x00000000100048f8                stdio_set_driver_enabled
 .text.stdio_init_all
                0x0000000010004928        0x8 CMakeFiles/pico_micro_ros_example.dir/home/light/Desktop/dev_ws/src/pico-sdk/src/rp2_common/pico_stdio/stdio.c.obj
                0x0000000010004928                stdio_init_all
 .text.getchar_timeout_us
                0x0000000010004930       0x98 CMakeFiles/pico_micro_ros_example.dir/home/light/Desktop/dev_ws/src/pico-sdk/src/rp2_common/pico_stdio/stdio.c.obj
                0x0000000010004930                getchar_timeout_us
 .text.resetd_init
                0x00000000100049c8        0x4 CMakeFiles/pico_micro_ros_example.dir/home/light/Desktop/dev_ws/src/pico-sdk/src/rp2_common/pico_stdio_usb/reset_interface.c.obj
 .text.resetd_reset
                0x00000000100049cc        0xc CMakeFiles/pico_micro_ros_example.dir/home/light/Desktop/dev_ws/src/pico-sdk/src/rp2_common/pico_stdio_usb/reset_interface.c.obj
 .text.resetd_open
                0x00000000100049d8       0x28 CMakeFiles/pico_micro_ros_example.dir/home/light/Desktop/dev_ws/src/pico-sdk/src/rp2_common/pico_stdio_usb/reset_interface.c.obj
 .text.resetd_xfer_cb
                0x0000000010004a00        0x4 CMakeFiles/pico_micro_ros_example.dir/home/light/Desktop/dev_ws/src/pico-sdk/src/rp2_common/pico_stdio_usb/reset_interface.c.obj
 .text.resetd_control_xfer_cb
                0x0000000010004a04       0x64 CMakeFiles/pico_micro_ros_example.dir/home/light/Desktop/dev_ws/src/pico-sdk/src/rp2_common/pico_stdio_usb/reset_interface.c.obj
 .text.usbd_app_driver_get_cb
                0x0000000010004a68        0xc CMakeFiles/pico_micro_ros_example.dir/home/light/Desktop/dev_ws/src/pico-sdk/src/rp2_common/pico_stdio_usb/reset_interface.c.obj
                0x0000000010004a68                usbd_app_driver_get_cb
 .text.tud_cdc_line_coding_cb
                0x0000000010004a74       0x34 CMakeFiles/pico_micro_ros_example.dir/home/light/Desktop/dev_ws/src/pico-sdk/src/rp2_common/pico_stdio_usb/reset_interface.c.obj
                0x0000000010004a74                tud_cdc_line_coding_cb
 .text.stdio_usb_set_chars_available_callback
                0x0000000010004aa8       0x14 CMakeFiles/pico_micro_ros_example.dir/home/light/Desktop/dev_ws/src/pico-sdk/src/rp2_common/pico_stdio_usb/stdio_usb.c.obj
                0x0000000010004aa8                stdio_usb_set_chars_available_callback
 .text.usb_irq  0x0000000010004abc       0x10 CMakeFiles/pico_micro_ros_example.dir/home/light/Desktop/dev_ws/src/pico-sdk/src/rp2_common/pico_stdio_usb/stdio_usb.c.obj
 .text.timer_task
                0x0000000010004acc       0x54 CMakeFiles/pico_micro_ros_example.dir/home/light/Desktop/dev_ws/src/pico-sdk/src/rp2_common/pico_stdio_usb/stdio_usb.c.obj
 .text.stdio_usb_in_chars
                0x0000000010004b20       0x90 CMakeFiles/pico_micro_ros_example.dir/home/light/Desktop/dev_ws/src/pico-sdk/src/rp2_common/pico_stdio_usb/stdio_usb.c.obj
                0x0000000010004b20                stdio_usb_in_chars
 .text.stdio_usb_out_chars
                0x0000000010004bb0      0x100 CMakeFiles/pico_micro_ros_example.dir/home/light/Desktop/dev_ws/src/pico-sdk/src/rp2_common/pico_stdio_usb/stdio_usb.c.obj
 .text.low_priority_worker_irq
                0x0000000010004cb0       0xa8 CMakeFiles/pico_micro_ros_example.dir/home/light/Desktop/dev_ws/src/pico-sdk/src/rp2_common/pico_stdio_usb/stdio_usb.c.obj
 .text.tud_cdc_rx_cb
                0x0000000010004d58       0x20 CMakeFiles/pico_micro_ros_example.dir/home/light/Desktop/dev_ws/src/pico-sdk/src/rp2_common/pico_stdio_usb/stdio_usb.c.obj
                0x0000000010004d58                tud_cdc_rx_cb
 .text.stdio_usb_init
                0x0000000010004d78       0xdc CMakeFiles/pico_micro_ros_example.dir/home/light/Desktop/dev_ws/src/pico-sdk/src/rp2_common/pico_stdio_usb/stdio_usb.c.obj
                0x0000000010004d78                stdio_usb_init
 .text.tud_descriptor_device_cb
                0x0000000010004e54        0x8 CMakeFiles/pico_micro_ros_example.dir/home/light/Desktop/dev_ws/src/pico-sdk/src/rp2_common/pico_stdio_usb/stdio_usb_descriptors.c.obj
                0x0000000010004e54                tud_descriptor_device_cb
 .text.tud_descriptor_configuration_cb
                0x0000000010004e5c        0x8 CMakeFiles/pico_micro_ros_example.dir/home/light/Desktop/dev_ws/src/pico-sdk/src/rp2_common/pico_stdio_usb/stdio_usb_descriptors.c.obj
                0x0000000010004e5c                tud_descriptor_configuration_cb
 .text.tud_descriptor_string_cb
                0x0000000010004e64       0x74 CMakeFiles/pico_micro_ros_example.dir/home/light/Desktop/dev_ws/src/pico-sdk/src/rp2_common/pico_stdio_usb/stdio_usb_descriptors.c.obj
                0x0000000010004e64                tud_descriptor_string_cb
 .text.startup._retrieve_unique_id_on_boot
                0x0000000010004ed8       0x10 CMakeFiles/pico_micro_ros_example.dir/home/light/Desktop/dev_ws/src/pico-sdk/src/rp2_common/pico_unique_id/unique_id.c.obj
 .text.pico_get_unique_board_id_string
                0x0000000010004ee8      0x1a8 CMakeFiles/pico_micro_ros_example.dir/home/light/Desktop/dev_ws/src/pico-sdk/src/rp2_common/pico_unique_id/unique_id.c.obj
                0x0000000010004ee8                pico_get_unique_board_id_string
 .text.flash_get_unique_id
                0x0000000010005090       0x40 CMakeFiles/pico_micro_ros_example.dir/home/light/Desktop/dev_ws/src/pico-sdk/src/rp2_common/hardware_flash/flash.c.obj
                0x0000000010005090                flash_get_unique_id
 .text.dcd_int_enable
                0x00000000100050d0        0xc CMakeFiles/pico_micro_ros_example.dir/home/light/Desktop/dev_ws/src/pico-sdk/lib/tinyusb/src/portable/raspberrypi/rp2040/dcd_rp2040.c.obj
                0x00000000100050d0                dcd_int_enable
 .text.dcd_set_address
                0x00000000100050dc       0x14 CMakeFiles/pico_micro_ros_example.dir/home/light/Desktop/dev_ws/src/pico-sdk/lib/tinyusb/src/portable/raspberrypi/rp2040/dcd_rp2040.c.obj
                0x00000000100050dc                dcd_set_address
 .text.dcd_connect
                0x00000000100050f0       0x10 CMakeFiles/pico_micro_ros_example.dir/home/light/Desktop/dev_ws/src/pico-sdk/lib/tinyusb/src/portable/raspberrypi/rp2040/dcd_rp2040.c.obj
                0x00000000100050f0                dcd_connect
 .text.dcd_init
                0x0000000010005100       0x98 CMakeFiles/pico_micro_ros_example.dir/home/light/Desktop/dev_ws/src/pico-sdk/lib/tinyusb/src/portable/raspberrypi/rp2040/dcd_rp2040.c.obj
                0x0000000010005100                dcd_init
 .text.dcd_edpt0_status_complete
                0x0000000010005198       0x1c CMakeFiles/pico_micro_ros_example.dir/home/light/Desktop/dev_ws/src/pico-sdk/lib/tinyusb/src/portable/raspberrypi/rp2040/dcd_rp2040.c.obj
                0x0000000010005198                dcd_edpt0_status_complete
 .text.dcd_edpt_open
                0x00000000100051b4      0x108 CMakeFiles/pico_micro_ros_example.dir/home/light/Desktop/dev_ws/src/pico-sdk/lib/tinyusb/src/portable/raspberrypi/rp2040/dcd_rp2040.c.obj
                0x00000000100051b4                dcd_edpt_open
 .text.dcd_edpt_close_all
                0x00000000100052bc        0x8 CMakeFiles/pico_micro_ros_example.dir/home/light/Desktop/dev_ws/src/pico-sdk/lib/tinyusb/src/portable/raspberrypi/rp2040/dcd_rp2040.c.obj
                0x00000000100052bc                dcd_edpt_close_all
 .text.dcd_edpt_xfer
                0x00000000100052c4       0x24 CMakeFiles/pico_micro_ros_example.dir/home/light/Desktop/dev_ws/src/pico-sdk/lib/tinyusb/src/portable/raspberrypi/rp2040/dcd_rp2040.c.obj
                0x00000000100052c4                dcd_edpt_xfer
 .text.dcd_edpt_stall
                0x00000000100052e8       0x38 CMakeFiles/pico_micro_ros_example.dir/home/light/Desktop/dev_ws/src/pico-sdk/lib/tinyusb/src/portable/raspberrypi/rp2040/dcd_rp2040.c.obj
                0x00000000100052e8                dcd_edpt_stall
 .text.dcd_edpt_clear_stall
                0x0000000010005320       0x30 CMakeFiles/pico_micro_ros_example.dir/home/light/Desktop/dev_ws/src/pico-sdk/lib/tinyusb/src/portable/raspberrypi/rp2040/dcd_rp2040.c.obj
                0x0000000010005320                dcd_edpt_clear_stall
 .text.rp2040_usb_init
                0x0000000010005350       0x4c CMakeFiles/pico_micro_ros_example.dir/home/light/Desktop/dev_ws/src/pico-sdk/lib/tinyusb/src/portable/raspberrypi/rp2040/rp2040_usb.c.obj
                0x0000000010005350                rp2040_usb_init
 .text.hw_endpoint_xfer_start
                0x000000001000539c       0x50 CMakeFiles/pico_micro_ros_example.dir/home/light/Desktop/dev_ws/src/pico-sdk/lib/tinyusb/src/portable/raspberrypi/rp2040/rp2040_usb.c.obj
                0x000000001000539c                hw_endpoint_xfer_start
 .text.tud_mounted
                0x00000000100053ec       0x10 CMakeFiles/pico_micro_ros_example.dir/home/light/Desktop/dev_ws/src/pico-sdk/lib/tinyusb/src/device/usbd.c.obj
                0x00000000100053ec                tud_mounted
 .text.tud_suspended
                0x00000000100053fc       0x10 CMakeFiles/pico_micro_ros_example.dir/home/light/Desktop/dev_ws/src/pico-sdk/lib/tinyusb/src/device/usbd.c.obj
                0x00000000100053fc                tud_suspended
 .text.tud_inited
                0x000000001000540c       0x14 CMakeFiles/pico_micro_ros_example.dir/home/light/Desktop/dev_ws/src/pico-sdk/lib/tinyusb/src/device/usbd.c.obj
                0x000000001000540c                tud_inited
 .text.tud_init
                0x0000000010005420       0xe4 CMakeFiles/pico_micro_ros_example.dir/home/light/Desktop/dev_ws/src/pico-sdk/lib/tinyusb/src/device/usbd.c.obj
                0x0000000010005420                tud_init
 .text.tud_task_ext
                0x0000000010005504      0x854 CMakeFiles/pico_micro_ros_example.dir/home/light/Desktop/dev_ws/src/pico-sdk/lib/tinyusb/src/device/usbd.c.obj
                0x0000000010005504                tud_task_ext
 .text.usbd_open_edpt_pair
                0x0000000010005d58       0x9c CMakeFiles/pico_micro_ros_example.dir/home/light/Desktop/dev_ws/src/pico-sdk/lib/tinyusb/src/device/usbd.c.obj
                0x0000000010005d58                usbd_open_edpt_pair
 .text.usbd_defer_func
                0x0000000010005df4       0x48 CMakeFiles/pico_micro_ros_example.dir/home/light/Desktop/dev_ws/src/pico-sdk/lib/tinyusb/src/device/usbd.c.obj
                0x0000000010005df4                usbd_defer_func
 .text.usbd_edpt_open
                0x0000000010005e3c       0x34 CMakeFiles/pico_micro_ros_example.dir/home/light/Desktop/dev_ws/src/pico-sdk/lib/tinyusb/src/device/usbd.c.obj
                0x0000000010005e3c                usbd_edpt_open
 .text.usbd_edpt_claim
                0x0000000010005e70       0x28 CMakeFiles/pico_micro_ros_example.dir/home/light/Desktop/dev_ws/src/pico-sdk/lib/tinyusb/src/device/usbd.c.obj
                0x0000000010005e70                usbd_edpt_claim
 .text.usbd_edpt_release
                0x0000000010005e98       0x28 CMakeFiles/pico_micro_ros_example.dir/home/light/Desktop/dev_ws/src/pico-sdk/lib/tinyusb/src/device/usbd.c.obj
                0x0000000010005e98                usbd_edpt_release
 .text.usbd_edpt_xfer
                0x0000000010005ec0       0x4c CMakeFiles/pico_micro_ros_example.dir/home/light/Desktop/dev_ws/src/pico-sdk/lib/tinyusb/src/device/usbd.c.obj
                0x0000000010005ec0                usbd_edpt_xfer
 .text.tud_control_status
                0x0000000010005f0c       0x30 CMakeFiles/pico_micro_ros_example.dir/home/light/Desktop/dev_ws/src/pico-sdk/lib/tinyusb/src/device/usbd_control.c.obj
                0x0000000010005f0c                tud_control_status
 .text.tud_control_xfer
                0x0000000010005f3c       0xbc CMakeFiles/pico_micro_ros_example.dir/home/light/Desktop/dev_ws/src/pico-sdk/lib/tinyusb/src/device/usbd_control.c.obj
                0x0000000010005f3c                tud_control_xfer
 .text.usbd_control_reset
                0x0000000010005ff8       0x14 CMakeFiles/pico_micro_ros_example.dir/home/light/Desktop/dev_ws/src/pico-sdk/lib/tinyusb/src/device/usbd_control.c.obj
                0x0000000010005ff8                usbd_control_reset
 .text.usbd_control_set_complete_callback
                0x000000001000600c        0xc CMakeFiles/pico_micro_ros_example.dir/home/light/Desktop/dev_ws/src/pico-sdk/lib/tinyusb/src/device/usbd_control.c.obj
                0x000000001000600c                usbd_control_set_complete_callback
 .text.usbd_control_set_request
                0x0000000010006018       0x1c CMakeFiles/pico_micro_ros_example.dir/home/light/Desktop/dev_ws/src/pico-sdk/lib/tinyusb/src/device/usbd_control.c.obj
                0x0000000010006018                usbd_control_set_request
 .text.usbd_control_xfer_cb
                0x0000000010006034       0xfc CMakeFiles/pico_micro_ros_example.dir/home/light/Desktop/dev_ws/src/pico-sdk/lib/tinyusb/src/device/usbd_control.c.obj
                0x0000000010006034                usbd_control_xfer_cb
 .text.tud_cdc_n_connected
                0x0000000010006130       0x30 CMakeFiles/pico_micro_ros_example.dir/home/light/Desktop/dev_ws/src/pico-sdk/lib/tinyusb/src/class/cdc/cdc_device.c.obj
                0x0000000010006130                tud_cdc_n_connected
 .text.tud_cdc_n_available
                0x0000000010006160       0x18 CMakeFiles/pico_micro_ros_example.dir/home/light/Desktop/dev_ws/src/pico-sdk/lib/tinyusb/src/class/cdc/cdc_device.c.obj
                0x0000000010006160                tud_cdc_n_available
 .text.tud_cdc_n_read
                0x0000000010006178       0x70 CMakeFiles/pico_micro_ros_example.dir/home/light/Desktop/dev_ws/src/pico-sdk/lib/tinyusb/src/class/cdc/cdc_device.c.obj
                0x0000000010006178                tud_cdc_n_read
 .text.tud_cdc_n_write_flush
                0x00000000100061e8       0x78 CMakeFiles/pico_micro_ros_example.dir/home/light/Desktop/dev_ws/src/pico-sdk/lib/tinyusb/src/class/cdc/cdc_device.c.obj
                0x00000000100061e8                tud_cdc_n_write_flush
 .text.tud_cdc_n_write
                0x0000000010006260       0x34 CMakeFiles/pico_micro_ros_example.dir/home/light/Desktop/dev_ws/src/pico-sdk/lib/tinyusb/src/class/cdc/cdc_device.c.obj
                0x0000000010006260                tud_cdc_n_write
 .text.tud_cdc_n_write_available
                0x0000000010006294       0x18 CMakeFiles/pico_micro_ros_example.dir/home/light/Desktop/dev_ws/src/pico-sdk/lib/tinyusb/src/class/cdc/cdc_device.c.obj
                0x0000000010006294                tud_cdc_n_write_available
 .text.cdcd_init
                0x00000000100062ac       0x7c CMakeFiles/pico_micro_ros_example.dir/home/light/Desktop/dev_ws/src/pico-sdk/lib/tinyusb/src/class/cdc/cdc_device.c.obj
                0x00000000100062ac                cdcd_init
 .text.cdcd_reset
                0x0000000010006328       0x2c CMakeFiles/pico_micro_ros_example.dir/home/light/Desktop/dev_ws/src/pico-sdk/lib/tinyusb/src/class/cdc/cdc_device.c.obj
                0x0000000010006328                cdcd_reset
 .text.cdcd_open
                0x0000000010006354       0xe8 CMakeFiles/pico_micro_ros_example.dir/home/light/Desktop/dev_ws/src/pico-sdk/lib/tinyusb/src/class/cdc/cdc_device.c.obj
                0x0000000010006354                cdcd_open
 .text.cdcd_control_xfer_cb
                0x000000001000643c       0xe4 CMakeFiles/pico_micro_ros_example.dir/home/light/Desktop/dev_ws/src/pico-sdk/lib/tinyusb/src/class/cdc/cdc_device.c.obj
                0x000000001000643c                cdcd_control_xfer_cb
 .text.cdcd_xfer_cb
                0x0000000010006520      0x148 CMakeFiles/pico_micro_ros_example.dir/home/light/Desktop/dev_ws/src/pico-sdk/lib/tinyusb/src/class/cdc/cdc_device.c.obj
                0x0000000010006520                cdcd_xfer_cb
 .text.tusb_init
                0x0000000010006668        0xc CMakeFiles/pico_micro_ros_example.dir/home/light/Desktop/dev_ws/src/pico-sdk/lib/tinyusb/src/tusb.c.obj
                0x0000000010006668                tusb_init
 .text.tusb_inited
                0x0000000010006674        0x8 CMakeFiles/pico_micro_ros_example.dir/home/light/Desktop/dev_ws/src/pico-sdk/lib/tinyusb/src/tusb.c.obj
                0x0000000010006674                tusb_inited
 .text.tu_edpt_claim
                0x000000001000667c       0x50 CMakeFiles/pico_micro_ros_example.dir/home/light/Desktop/dev_ws/src/pico-sdk/lib/tinyusb/src/tusb.c.obj
                0x000000001000667c                tu_edpt_claim
 .text.tu_edpt_release
                0x00000000100066cc       0x38 CMakeFiles/pico_micro_ros_example.dir/home/light/Desktop/dev_ws/src/pico-sdk/lib/tinyusb/src/tusb.c.obj
                0x00000000100066cc                tu_edpt_release
 .text.tu_edpt_validate
                0x0000000010006704       0x78 CMakeFiles/pico_micro_ros_example.dir/home/light/Desktop/dev_ws/src/pico-sdk/lib/tinyusb/src/tusb.c.obj
                0x0000000010006704                tu_edpt_validate
 .text.tu_edpt_bind_driver
                0x000000001000677c       0x34 CMakeFiles/pico_micro_ros_example.dir/home/light/Desktop/dev_ws/src/pico-sdk/lib/tinyusb/src/tusb.c.obj
                0x000000001000677c                tu_edpt_bind_driver
 .text.tu_fifo_config
                0x00000000100067b0       0x70 CMakeFiles/pico_micro_ros_example.dir/home/light/Desktop/dev_ws/src/pico-sdk/lib/tinyusb/src/common/tusb_fifo.c.obj
                0x00000000100067b0                tu_fifo_config
 .text.tu_fifo_count
                0x0000000010006820       0x2c CMakeFiles/pico_micro_ros_example.dir/home/light/Desktop/dev_ws/src/pico-sdk/lib/tinyusb/src/common/tusb_fifo.c.obj
                0x0000000010006820                tu_fifo_count
 .text.tu_fifo_empty
                0x000000001000684c       0x10 CMakeFiles/pico_micro_ros_example.dir/home/light/Desktop/dev_ws/src/pico-sdk/lib/tinyusb/src/common/tusb_fifo.c.obj
                0x000000001000684c                tu_fifo_empty
 .text.tu_fifo_remaining
                0x000000001000685c       0x2c CMakeFiles/pico_micro_ros_example.dir/home/light/Desktop/dev_ws/src/pico-sdk/lib/tinyusb/src/common/tusb_fifo.c.obj
                0x000000001000685c                tu_fifo_remaining
 .text.tu_fifo_read
                0x0000000010006888       0xa0 CMakeFiles/pico_micro_ros_example.dir/home/light/Desktop/dev_ws/src/pico-sdk/lib/tinyusb/src/common/tusb_fifo.c.obj
                0x0000000010006888                tu_fifo_read
 .text.tu_fifo_read_n
                0x0000000010006928       0xec CMakeFiles/pico_micro_ros_example.dir/home/light/Desktop/dev_ws/src/pico-sdk/lib/tinyusb/src/common/tusb_fifo.c.obj
                0x0000000010006928                tu_fifo_read_n
 .text.tu_fifo_write
                0x0000000010006a14       0x88 CMakeFiles/pico_micro_ros_example.dir/home/light/Desktop/dev_ws/src/pico-sdk/lib/tinyusb/src/common/tusb_fifo.c.obj
                0x0000000010006a14                tu_fifo_write
 .text.tu_fifo_write_n
                0x0000000010006a9c      0x168 CMakeFiles/pico_micro_ros_example.dir/home/light/Desktop/dev_ws/src/pico-sdk/lib/tinyusb/src/common/tusb_fifo.c.obj
                0x0000000010006a9c                tu_fifo_write_n
 .text.tu_fifo_clear
                0x0000000010006c04       0x40 CMakeFiles/pico_micro_ros_example.dir/home/light/Desktop/dev_ws/src/pico-sdk/lib/tinyusb/src/common/tusb_fifo.c.obj
                0x0000000010006c04                tu_fifo_clear
 .text.tu_fifo_set_overwritable
                0x0000000010006c44       0x48 CMakeFiles/pico_micro_ros_example.dir/home/light/Desktop/dev_ws/src/pico-sdk/lib/tinyusb/src/common/tusb_fifo.c.obj
                0x0000000010006c44                tu_fifo_set_overwritable
 .text.i2c_set_baudrate
                0x0000000010006c8c       0xc4 CMakeFiles/pico_micro_ros_example.dir/home/light/Desktop/dev_ws/src/pico-sdk/src/rp2_common/hardware_i2c/i2c.c.obj
                0x0000000010006c8c                i2c_set_baudrate
 .text.i2c_init
                0x0000000010006d50       0x54 CMakeFiles/pico_micro_ros_example.dir/home/light/Desktop/dev_ws/src/pico-sdk/src/rp2_common/hardware_i2c/i2c.c.obj
                0x0000000010006d50                i2c_init
 .text.i2c_write_blocking
                0x0000000010006da4       0xd0 CMakeFiles/pico_micro_ros_example.dir/home/light/Desktop/dev_ws/src/pico-sdk/src/rp2_common/hardware_i2c/i2c.c.obj
                0x0000000010006da4                i2c_write_blocking
 .text.i2c_read_blocking
                0x0000000010006e74       0xac CMakeFiles/pico_micro_ros_example.dir/home/light/Desktop/dev_ws/src/pico-sdk/src/rp2_common/hardware_i2c/i2c.c.obj
                0x0000000010006e74                i2c_read_blocking
 .text.rosidl_typesupport_c__get_message_type_support_handle__geometry_msgs__msg__Twist
                0x0000000010006f20       0x1c /home/light/micro_ros_raspberrypi_pico_sdk/libmicroros/libmicroros.a(libgeometry_msgs__rosidl_typesupport_c-twist__type_support.cpp.obj)
                0x0000000010006f20                rosidl_typesupport_c__get_message_type_support_handle__geometry_msgs__msg__Twist
 .text.startup._GLOBAL__sub_I_rosidl_typesupport_c__get_message_type_support_handle__geometry_msgs__msg__Twist
                0x0000000010006f3c       0x14 /home/light/micro_ros_raspberrypi_pico_sdk/libmicroros/libmicroros.a(libgeometry_msgs__rosidl_typesupport_c-twist__type_support.cpp.obj)
 .text.geometry_msgs__msg__Twist__rosidl_typesupport_introspection_c__Twist_init_function
                0x0000000010006f50        0x8 /home/light/micro_ros_raspberrypi_pico_sdk/libmicroros/libmicroros.a(libgeometry_msgs__rosidl_typesupport_introspection_c-twist__type_support.c.obj)
                0x0000000010006f50                geometry_msgs__msg__Twist__rosidl_typesupport_introspection_c__Twist_init_function
 .text.geometry_msgs__msg__Twist__rosidl_typesupport_introspection_c__Twist_fini_function
                0x0000000010006f58        0x8 /home/light/micro_ros_raspberrypi_pico_sdk/libmicroros/libmicroros.a(libgeometry_msgs__rosidl_typesupport_introspection_c-twist__type_support.c.obj)
                0x0000000010006f58                geometry_msgs__msg__Twist__rosidl_typesupport_introspection_c__Twist_fini_function
 .text.rosidl_typesupport_introspection_c__get_message_type_support_handle__geometry_msgs__msg__Twist
                0x0000000010006f60       0x30 /home/light/micro_ros_raspberrypi_pico_sdk/libmicroros/libmicroros.a(libgeometry_msgs__rosidl_typesupport_introspection_c-twist__type_support.c.obj)
                0x0000000010006f60                rosidl_typesupport_introspection_c__get_message_type_support_handle__geometry_msgs__msg__Twist
 .text.geometry_msgs__msg__Vector3__rosidl_typesupport_introspection_c__Vector3_init_function
                0x0000000010006f90        0x8 /home/light/micro_ros_raspberrypi_pico_sdk/libmicroros/libmicroros.a(libgeometry_msgs__rosidl_typesupport_introspection_c-vector3__type_support.c.obj)
                0x0000000010006f90                geometry_msgs__msg__Vector3__rosidl_typesupport_introspection_c__Vector3_init_function
 .text.geometry_msgs__msg__Vector3__rosidl_typesupport_introspection_c__Vector3_fini_function
                0x0000000010006f98        0x8 /home/light/micro_ros_raspberrypi_pico_sdk/libmicroros/libmicroros.a(libgeometry_msgs__rosidl_typesupport_introspection_c-vector3__type_support.c.obj)
                0x0000000010006f98                geometry_msgs__msg__Vector3__rosidl_typesupport_introspection_c__Vector3_fini_function
 .text.rosidl_typesupport_introspection_c__get_message_type_support_handle__geometry_msgs__msg__Vector3
                0x0000000010006fa0       0x1c /home/light/micro_ros_raspberrypi_pico_sdk/libmicroros/libmicroros.a(libgeometry_msgs__rosidl_typesupport_introspection_c-vector3__type_support.c.obj)
                0x0000000010006fa0                rosidl_typesupport_introspection_c__get_message_type_support_handle__geometry_msgs__msg__Vector3
 .text.get_serialized_size_geometry_msgs__msg__Twist
                0x0000000010006fbc       0x24 /home/light/micro_ros_raspberrypi_pico_sdk/libmicroros/libmicroros.a(libgeometry_msgs__rosidl_typesupport_microxrcedds_c-twist__type_support_c.c.obj)
                0x0000000010006fbc                get_serialized_size_geometry_msgs__msg__Twist
 .text._Twist__cdr_deserialize
                0x0000000010006fe0       0x2c /home/light/micro_ros_raspberrypi_pico_sdk/libmicroros/libmicroros.a(libgeometry_msgs__rosidl_typesupport_microxrcedds_c-twist__type_support_c.c.obj)
 .text._Twist__cdr_serialize
                0x000000001000700c       0x30 /home/light/micro_ros_raspberrypi_pico_sdk/libmicroros/libmicroros.a(libgeometry_msgs__rosidl_typesupport_microxrcedds_c-twist__type_support_c.c.obj)
 .text._Twist__get_serialized_size
                0x000000001000703c       0x20 /home/light/micro_ros_raspberrypi_pico_sdk/libmicroros/libmicroros.a(libgeometry_msgs__rosidl_typesupport_microxrcedds_c-twist__type_support_c.c.obj)
 .text._Twist__max_serialized_size
                0x000000001000705c       0x24 /home/light/micro_ros_raspberrypi_pico_sdk/libmicroros/libmicroros.a(libgeometry_msgs__rosidl_typesupport_microxrcedds_c-twist__type_support_c.c.obj)
 .text.rosidl_typesupport_microxrcedds_c__get_message_type_support_handle__geometry_msgs__msg__Twist
                0x0000000010007080        0x8 /home/light/micro_ros_raspberrypi_pico_sdk/libmicroros/libmicroros.a(libgeometry_msgs__rosidl_typesupport_microxrcedds_c-twist__type_support_c.c.obj)
                0x0000000010007080                rosidl_typesupport_microxrcedds_c__get_message_type_support_handle__geometry_msgs__msg__Twist
 .text.get_serialized_size_geometry_msgs__msg__Vector3
                0x0000000010007088       0x38 /home/light/micro_ros_raspberrypi_pico_sdk/libmicroros/libmicroros.a(libgeometry_msgs__rosidl_typesupport_microxrcedds_c-vector3__type_support_c.c.obj)
                0x0000000010007088                get_serialized_size_geometry_msgs__msg__Vector3
 .text._Vector3__cdr_deserialize
                0x00000000100070c0       0x28 /home/light/micro_ros_raspberrypi_pico_sdk/libmicroros/libmicroros.a(libgeometry_msgs__rosidl_typesupport_microxrcedds_c-vector3__type_support_c.c.obj)
 .text._Vector3__cdr_serialize
                0x00000000100070e8       0x30 /home/light/micro_ros_raspberrypi_pico_sdk/libmicroros/libmicroros.a(libgeometry_msgs__rosidl_typesupport_microxrcedds_c-vector3__type_support_c.c.obj)
 .text._Vector3__get_serialized_size
                0x0000000010007118       0x30 /home/light/micro_ros_raspberrypi_pico_sdk/libmicroros/libmicroros.a(libgeometry_msgs__rosidl_typesupport_microxrcedds_c-vector3__type_support_c.c.obj)
 .text._Vector3__max_serialized_size
                0x0000000010007148       0x28 /home/light/micro_ros_raspberrypi_pico_sdk/libmicroros/libmicroros.a(libgeometry_msgs__rosidl_typesupport_microxrcedds_c-vector3__type_support_c.c.obj)
 .text.max_serialized_size_geometry_msgs__msg__Vector3
                0x0000000010007170       0x34 /home/light/micro_ros_raspberrypi_pico_sdk/libmicroros/libmicroros.a(libgeometry_msgs__rosidl_typesupport_microxrcedds_c-vector3__type_support_c.c.obj)
                0x0000000010007170                max_serialized_size_geometry_msgs__msg__Vector3
 .text.rosidl_typesupport_microxrcedds_c__get_message_type_support_handle__geometry_msgs__msg__Vector3
                0x00000000100071a4        0x8 /home/light/micro_ros_raspberrypi_pico_sdk/libmicroros/libmicroros.a(libgeometry_msgs__rosidl_typesupport_microxrcedds_c-vector3__type_support_c.c.obj)
                0x00000000100071a4                rosidl_typesupport_microxrcedds_c__get_message_type_support_handle__geometry_msgs__msg__Vector3
 .text.ucdr_serialize_bool
                0x00000000100071ac       0x2c /home/light/micro_ros_raspberrypi_pico_sdk/libmicroros/libmicroros.a(libmicrocdr-basic.c.obj)
                0x00000000100071ac                ucdr_serialize_bool
 .text.ucdr_deserialize_bool
                0x00000000100071d8       0x30 /home/light/micro_ros_raspberrypi_pico_sdk/libmicroros/libmicroros.a(libmicrocdr-basic.c.obj)
                0x00000000100071d8                ucdr_deserialize_bool
 .text.ucdr_serialize_uint8_t
                0x0000000010007208       0x2c /home/light/micro_ros_raspberrypi_pico_sdk/libmicroros/libmicroros.a(libmicrocdr-basic.c.obj)
                0x0000000010007208                ucdr_serialize_uint8_t
 .text.ucdr_deserialize_uint8_t
                0x0000000010007234       0x30 /home/light/micro_ros_raspberrypi_pico_sdk/libmicroros/libmicroros.a(libmicrocdr-basic.c.obj)
                0x0000000010007234                ucdr_deserialize_uint8_t
 .text.ucdr_serialize_uint16_t
                0x0000000010007264       0xf4 /home/light/micro_ros_raspberrypi_pico_sdk/libmicroros/libmicroros.a(libmicrocdr-basic.c.obj)
                0x0000000010007264                ucdr_serialize_uint16_t
 .text.ucdr_serialize_endian_uint16_t
                0x0000000010007358      0x100 /home/light/micro_ros_raspberrypi_pico_sdk/libmicroros/libmicroros.a(libmicrocdr-basic.c.obj)
                0x0000000010007358                ucdr_serialize_endian_uint16_t
 .text.ucdr_deserialize_uint16_t
                0x0000000010007458       0xec /home/light/micro_ros_raspberrypi_pico_sdk/libmicroros/libmicroros.a(libmicrocdr-basic.c.obj)
                0x0000000010007458                ucdr_deserialize_uint16_t
 .text.ucdr_deserialize_endian_uint16_t
                0x0000000010007544       0xf8 /home/light/micro_ros_raspberrypi_pico_sdk/libmicroros/libmicroros.a(libmicrocdr-basic.c.obj)
                0x0000000010007544                ucdr_deserialize_endian_uint16_t
 .text.ucdr_serialize_uint32_t
                0x000000001000763c      0x11c /home/light/micro_ros_raspberrypi_pico_sdk/libmicroros/libmicroros.a(libmicrocdr-basic.c.obj)
                0x000000001000763c                ucdr_serialize_uint32_t
 .text.ucdr_serialize_endian_uint32_t
                0x0000000010007758      0x11c /home/light/micro_ros_raspberrypi_pico_sdk/libmicroros/libmicroros.a(libmicrocdr-basic.c.obj)
                0x0000000010007758                ucdr_serialize_endian_uint32_t
 .text.ucdr_deserialize_uint32_t
                0x0000000010007874      0x11c /home/light/micro_ros_raspberrypi_pico_sdk/libmicroros/libmicroros.a(libmicrocdr-basic.c.obj)
                0x0000000010007874                ucdr_deserialize_uint32_t
 .text.ucdr_deserialize_endian_uint32_t
                0x0000000010007990      0x12c /home/light/micro_ros_raspberrypi_pico_sdk/libmicroros/libmicroros.a(libmicrocdr-basic.c.obj)
                0x0000000010007990                ucdr_deserialize_endian_uint32_t
 .text.ucdr_serialize_uint64_t
                0x0000000010007abc      0x170 /home/light/micro_ros_raspberrypi_pico_sdk/libmicroros/libmicroros.a(libmicrocdr-basic.c.obj)
                0x0000000010007abc                ucdr_serialize_uint64_t
 .text.ucdr_serialize_int16_t
                0x0000000010007c2c       0xf4 /home/light/micro_ros_raspberrypi_pico_sdk/libmicroros/libmicroros.a(libmicrocdr-basic.c.obj)
                0x0000000010007c2c                ucdr_serialize_int16_t
 .text.ucdr_deserialize_int16_t
                0x0000000010007d20       0xec /home/light/micro_ros_raspberrypi_pico_sdk/libmicroros/libmicroros.a(libmicrocdr-basic.c.obj)
                0x0000000010007d20                ucdr_deserialize_int16_t
 .text.ucdr_serialize_int32_t
                0x0000000010007e0c      0x11c /home/light/micro_ros_raspberrypi_pico_sdk/libmicroros/libmicroros.a(libmicrocdr-basic.c.obj)
                0x0000000010007e0c                ucdr_serialize_int32_t
 .text.ucdr_deserialize_int32_t
                0x0000000010007f28      0x11c /home/light/micro_ros_raspberrypi_pico_sdk/libmicroros/libmicroros.a(libmicrocdr-basic.c.obj)
                0x0000000010007f28                ucdr_deserialize_int32_t
 .text.ucdr_serialize_double
                0x0000000010008044      0x170 /home/light/micro_ros_raspberrypi_pico_sdk/libmicroros/libmicroros.a(libmicrocdr-basic.c.obj)
                0x0000000010008044                ucdr_serialize_double
 .text.ucdr_deserialize_double
                0x00000000100081b4      0x180 /home/light/micro_ros_raspberrypi_pico_sdk/libmicroros/libmicroros.a(libmicrocdr-basic.c.obj)
                0x00000000100081b4                ucdr_deserialize_double
 .text.ucdr_check_buffer_available_for
                0x0000000010008334       0x1c /home/light/micro_ros_raspberrypi_pico_sdk/libmicroros/libmicroros.a(libmicrocdr-common.c.obj)
                0x0000000010008334                ucdr_check_buffer_available_for
 .text.ucdr_check_final_buffer_behavior
                0x0000000010008350       0x38 /home/light/micro_ros_raspberrypi_pico_sdk/libmicroros/libmicroros.a(libmicrocdr-common.c.obj)
                0x0000000010008350                ucdr_check_final_buffer_behavior
 .text.ucdr_set_on_full_buffer_callback
                0x0000000010008388        0x8 /home/light/micro_ros_raspberrypi_pico_sdk/libmicroros/libmicroros.a(libmicrocdr-common.c.obj)
                0x0000000010008388                ucdr_set_on_full_buffer_callback
 .text.ucdr_init_buffer_origin_offset_endian
                0x0000000010008390       0x28 /home/light/micro_ros_raspberrypi_pico_sdk/libmicroros/libmicroros.a(libmicrocdr-common.c.obj)
                0x0000000010008390                ucdr_init_buffer_origin_offset_endian
 .text.ucdr_init_buffer_origin_offset
                0x00000000100083b8       0x14 /home/light/micro_ros_raspberrypi_pico_sdk/libmicroros/libmicroros.a(libmicrocdr-common.c.obj)
                0x00000000100083b8                ucdr_init_buffer_origin_offset
 .text.ucdr_init_buffer_origin
                0x00000000100083cc       0x10 /home/light/micro_ros_raspberrypi_pico_sdk/libmicroros/libmicroros.a(libmicrocdr-common.c.obj)
                0x00000000100083cc                ucdr_init_buffer_origin
 .text.ucdr_init_buffer
                0x00000000100083dc        0xc /home/light/micro_ros_raspberrypi_pico_sdk/libmicroros/libmicroros.a(libmicrocdr-common.c.obj)
                0x00000000100083dc                ucdr_init_buffer
 .text.ucdr_alignment
                0x00000000100083e8       0x10 /home/light/micro_ros_raspberrypi_pico_sdk/libmicroros/libmicroros.a(libmicrocdr-common.c.obj)
                0x00000000100083e8                ucdr_alignment
 .text.ucdr_buffer_alignment
                0x00000000100083f8       0x1c /home/light/micro_ros_raspberrypi_pico_sdk/libmicroros/libmicroros.a(libmicrocdr-common.c.obj)
                0x00000000100083f8                ucdr_buffer_alignment
 .text.ucdr_align_to
                0x0000000010008414       0x24 /home/light/micro_ros_raspberrypi_pico_sdk/libmicroros/libmicroros.a(libmicrocdr-common.c.obj)
                0x0000000010008414                ucdr_align_to
 .text.ucdr_buffer_length
                0x0000000010008438        0x8 /home/light/micro_ros_raspberrypi_pico_sdk/libmicroros/libmicroros.a(libmicrocdr-common.c.obj)
                0x0000000010008438                ucdr_buffer_length
 .text.ucdr_buffer_remaining
                0x0000000010008440        0x8 /home/light/micro_ros_raspberrypi_pico_sdk/libmicroros/libmicroros.a(libmicrocdr-common.c.obj)
                0x0000000010008440                ucdr_buffer_remaining
 .text.ucdr_check_final_buffer_behavior_array
                0x0000000010008448       0x44 /home/light/micro_ros_raspberrypi_pico_sdk/libmicroros/libmicroros.a(libmicrocdr-common.c.obj)
                0x0000000010008448                ucdr_check_final_buffer_behavior_array
 .text.ucdr_advance_buffer
                0x000000001000848c       0x44 /home/light/micro_ros_raspberrypi_pico_sdk/libmicroros/libmicroros.a(libmicrocdr-common.c.obj)
                0x000000001000848c                ucdr_advance_buffer
 .text.rcl_get_zero_initialized_publisher
                0x00000000100084d0        0xc /home/light/micro_ros_raspberrypi_pico_sdk/libmicroros/libmicroros.a(librcl-publisher.c.obj)
                0x00000000100084d0                rcl_get_zero_initialized_publisher
 .text.rcl_publisher_init
                0x00000000100084dc      0x13c /home/light/micro_ros_raspberrypi_pico_sdk/libmicroros/libmicroros.a(librcl-publisher.c.obj)
                0x00000000100084dc                rcl_publisher_init
 .text.rcl_publisher_fini
                0x0000000010008618       0x60 /home/light/micro_ros_raspberrypi_pico_sdk/libmicroros/libmicroros.a(librcl-publisher.c.obj)
                0x0000000010008618                rcl_publisher_fini
 .text.rcl_publisher_get_default_options
                0x0000000010008678       0x7c /home/light/micro_ros_raspberrypi_pico_sdk/libmicroros/libmicroros.a(librcl-publisher.c.obj)
                0x0000000010008678                rcl_publisher_get_default_options
 .text.rcl_publish
                0x00000000100086f4       0x4c /home/light/micro_ros_raspberrypi_pico_sdk/libmicroros/libmicroros.a(librcl-publisher.c.obj)
                0x00000000100086f4                rcl_publish
 .text.rcl_publisher_is_valid
                0x0000000010008740       0x30 /home/light/micro_ros_raspberrypi_pico_sdk/libmicroros/libmicroros.a(librcl-publisher.c.obj)
                0x0000000010008740                rcl_publisher_is_valid
 .text.rcl_publisher_is_valid_except_context
                0x0000000010008770       0x1c /home/light/micro_ros_raspberrypi_pico_sdk/libmicroros/libmicroros.a(librcl-publisher.c.obj)
                0x0000000010008770                rcl_publisher_is_valid_except_context
 .text.rcl_get_zero_initialized_subscription
                0x000000001000878c        0xc /home/light/micro_ros_raspberrypi_pico_sdk/libmicroros/libmicroros.a(librcl-subscription.c.obj)
                0x000000001000878c                rcl_get_zero_initialized_subscription
 .text.rcl_subscription_init
                0x0000000010008798      0x15c /home/light/micro_ros_raspberrypi_pico_sdk/libmicroros/libmicroros.a(librcl-subscription.c.obj)
                0x0000000010008798                rcl_subscription_init
 .text.rcl_subscription_fini
                0x00000000100088f4       0xb0 /home/light/micro_ros_raspberrypi_pico_sdk/libmicroros/libmicroros.a(librcl-subscription.c.obj)
                0x00000000100088f4                rcl_subscription_fini
 .text.rcl_subscription_get_default_options
                0x00000000100089a4       0x54 /home/light/micro_ros_raspberrypi_pico_sdk/libmicroros/libmicroros.a(librcl-subscription.c.obj)
                0x00000000100089a4                rcl_subscription_get_default_options
 .text.rcl_take
                0x00000000100089f8       0x84 /home/light/micro_ros_raspberrypi_pico_sdk/libmicroros/libmicroros.a(librcl-subscription.c.obj)
                0x00000000100089f8                rcl_take
 .text.rcl_subscription_get_rmw_handle
                0x0000000010008a7c       0x14 /home/light/micro_ros_raspberrypi_pico_sdk/libmicroros/libmicroros.a(librcl-subscription.c.obj)
                0x0000000010008a7c                rcl_subscription_get_rmw_handle
 .text.rcl_subscription_is_valid
                0x0000000010008a90       0x1c /home/light/micro_ros_raspberrypi_pico_sdk/libmicroros/libmicroros.a(librcl-subscription.c.obj)
                0x0000000010008a90                rcl_subscription_is_valid
 .text._rclc_check_for_new_data
                0x0000000010008aac       0x90 /home/light/micro_ros_raspberrypi_pico_sdk/libmicroros/libmicroros.a(librclc-executor.c.obj)
 .text._rclc_take_new_data
                0x0000000010008b3c      0x2c8 /home/light/micro_ros_raspberrypi_pico_sdk/libmicroros/libmicroros.a(librclc-executor.c.obj)
 .text._rclc_execute.part.0
                0x0000000010008e04      0x29c /home/light/micro_ros_raspberrypi_pico_sdk/libmicroros/libmicroros.a(librclc-executor.c.obj)
 .text.rclc_executor_trigger_any
                0x00000000100090a0       0x7c /home/light/micro_ros_raspberrypi_pico_sdk/libmicroros/libmicroros.a(librclc-executor.c.obj)
                0x00000000100090a0                rclc_executor_trigger_any
 .text.rclc_executor_init
                0x000000001000911c       0xc4 /home/light/micro_ros_raspberrypi_pico_sdk/libmicroros/libmicroros.a(librclc-executor.c.obj)
                0x000000001000911c                rclc_executor_init
 .text.rclc_executor_add_subscription
                0x00000000100091e0       0x74 /home/light/micro_ros_raspberrypi_pico_sdk/libmicroros/libmicroros.a(librclc-executor.c.obj)
                0x00000000100091e0                rclc_executor_add_subscription
 .text.rclc_executor_add_timer
                0x0000000010009254       0x58 /home/light/micro_ros_raspberrypi_pico_sdk/libmicroros/libmicroros.a(librclc-executor.c.obj)
                0x0000000010009254                rclc_executor_add_timer
 .text.rclc_executor_prepare
                0x00000000100092ac       0x88 /home/light/micro_ros_raspberrypi_pico_sdk/libmicroros/libmicroros.a(librclc-executor.c.obj)
                0x00000000100092ac                rclc_executor_prepare
 .text.rclc_executor_spin_some.part.0
                0x0000000010009334      0x384 /home/light/micro_ros_raspberrypi_pico_sdk/libmicroros/libmicroros.a(librclc-executor.c.obj)
 .text.rclc_executor_spin_some
                0x00000000100096b8       0x30 /home/light/micro_ros_raspberrypi_pico_sdk/libmicroros/libmicroros.a(librclc-executor.c.obj)
                0x00000000100096b8                rclc_executor_spin_some
 .text.rclc_executor_handle_counters_zero_init
                0x00000000100096e8       0x18 /home/light/micro_ros_raspberrypi_pico_sdk/libmicroros/libmicroros.a(librclc-executor_handle.c.obj)
                0x00000000100096e8                rclc_executor_handle_counters_zero_init
 .text.rclc_executor_handle_init
                0x0000000010009700       0x28 /home/light/micro_ros_raspberrypi_pico_sdk/libmicroros/libmicroros.a(librclc-executor_handle.c.obj)
                0x0000000010009700                rclc_executor_handle_init
 .text.rclc_support_init
                0x0000000010009728       0x94 /home/light/micro_ros_raspberrypi_pico_sdk/libmicroros/libmicroros.a(librclc-init.c.obj)
                0x0000000010009728                rclc_support_init
 .text.rclc_node_init_default
                0x00000000100097bc       0x74 /home/light/micro_ros_raspberrypi_pico_sdk/libmicroros/libmicroros.a(librclc-node.c.obj)
                0x00000000100097bc                rclc_node_init_default
 .text.rclc_publisher_init_default
                0x0000000010009830       0x68 /home/light/micro_ros_raspberrypi_pico_sdk/libmicroros/libmicroros.a(librclc-publisher.c.obj)
                0x0000000010009830                rclc_publisher_init_default
 .text.rclc_subscription_init_default
                0x0000000010009898       0x68 /home/light/micro_ros_raspberrypi_pico_sdk/libmicroros/libmicroros.a(librclc-subscription.c.obj)
                0x0000000010009898                rclc_subscription_init_default
 .text.rclc_timer_init_default
                0x0000000010009900       0x60 /home/light/micro_ros_raspberrypi_pico_sdk/libmicroros/libmicroros.a(librclc-timer.c.obj)
                0x0000000010009900                rclc_timer_init_default
 .text.__default_zero_allocate
                0x0000000010009960        0x8 /home/light/micro_ros_raspberrypi_pico_sdk/libmicroros/libmicroros.a(librcutils-allocator.c.obj)
 .text.__default_reallocate
                0x0000000010009968        0x8 /home/light/micro_ros_raspberrypi_pico_sdk/libmicroros/libmicroros.a(librcutils-allocator.c.obj)
 .text.__default_deallocate
                0x0000000010009970        0x8 /home/light/micro_ros_raspberrypi_pico_sdk/libmicroros/libmicroros.a(librcutils-allocator.c.obj)
 .text.__default_allocate
                0x0000000010009978        0x8 /home/light/micro_ros_raspberrypi_pico_sdk/libmicroros/libmicroros.a(librcutils-allocator.c.obj)
 .text.rcutils_get_zero_initialized_allocator
                0x0000000010009980       0x14 /home/light/micro_ros_raspberrypi_pico_sdk/libmicroros/libmicroros.a(librcutils-allocator.c.obj)
                0x0000000010009980                rcutils_get_zero_initialized_allocator
 .text.rcutils_get_default_allocator
                0x0000000010009994       0x14 /home/light/micro_ros_raspberrypi_pico_sdk/libmicroros/libmicroros.a(librcutils-allocator.c.obj)
                0x0000000010009994                rcutils_get_default_allocator
 .text.rcutils_allocator_is_valid
                0x00000000100099a8       0x24 /home/light/micro_ros_raspberrypi_pico_sdk/libmicroros/libmicroros.a(librcutils-allocator.c.obj)
                0x00000000100099a8                rcutils_allocator_is_valid
 .text.rcutils_get_error_string
                0x00000000100099cc       0x34 /home/light/micro_ros_raspberrypi_pico_sdk/libmicroros/libmicroros.a(librcutils-error_handling.c.obj)
                0x00000000100099cc                rcutils_get_error_string
 .text.rcutils_reset_error
                0x0000000010009a00       0x38 /home/light/micro_ros_raspberrypi_pico_sdk/libmicroros/libmicroros.a(librcutils-error_handling.c.obj)
                0x0000000010009a00                rcutils_reset_error
 .text.rcutils_system_time_now
                0x0000000010009a38       0x58 /home/light/micro_ros_raspberrypi_pico_sdk/libmicroros/libmicroros.a(librcutils-time_unix.c.obj)
                0x0000000010009a38                rcutils_system_time_now
 .text.rcutils_steady_time_now
                0x0000000010009a90       0x58 /home/light/micro_ros_raspberrypi_pico_sdk/libmicroros/libmicroros.a(librcutils-time_unix.c.obj)
                0x0000000010009a90                rcutils_steady_time_now
 .text.rmw_get_default_publisher_options
                0x0000000010009ae8        0x8 /home/light/micro_ros_raspberrypi_pico_sdk/libmicroros/libmicroros.a(librmw-publisher_options.c.obj)
                0x0000000010009ae8                rmw_get_default_publisher_options
 .text.rmw_subscription_content_filter_options_fini
                0x0000000010009af0       0x34 /home/light/micro_ros_raspberrypi_pico_sdk/libmicroros/libmicroros.a(librmw-subscription_content_filter_options.c.obj)
                0x0000000010009af0                rmw_subscription_content_filter_options_fini
 .text.rmw_get_default_subscription_options
                0x0000000010009b24       0x10 /home/light/micro_ros_raspberrypi_pico_sdk/libmicroros/libmicroros.a(librmw-subscription_options.c.obj)
                0x0000000010009b24                rmw_get_default_subscription_options
 .text.rmw_get_zero_initialized_message_info
                0x0000000010009b34       0x10 /home/light/micro_ros_raspberrypi_pico_sdk/libmicroros/libmicroros.a(librmw-types.c.obj)
                0x0000000010009b34                rmw_get_zero_initialized_message_info
 .text.rmw_uros_set_custom_transport
                0x0000000010009b44       0x34 /home/light/micro_ros_raspberrypi_pico_sdk/libmicroros/libmicroros.a(librmw_microxrcedds-custom_transport.c.obj)
                0x0000000010009b44                rmw_uros_set_custom_transport
 .text.rmw_uros_ping_agent
                0x0000000010009b78       0xa0 /home/light/micro_ros_raspberrypi_pico_sdk/libmicroros/libmicroros.a(librmw_microxrcedds-ping.c.obj)
                0x0000000010009b78                rmw_uros_ping_agent
 .text.flush_session
                0x0000000010009c18        0xc /home/light/micro_ros_raspberrypi_pico_sdk/libmicroros/libmicroros.a(librmw_microxrcedds-rmw_publish.c.obj)
                0x0000000010009c18                flush_session
 .text.rmw_publish
                0x0000000010009c24       0xd8 /home/light/micro_ros_raspberrypi_pico_sdk/libmicroros/libmicroros.a(librmw_microxrcedds-rmw_publish.c.obj)
                0x0000000010009c24                rmw_publish
 .text.rmw_create_publisher
                0x0000000010009cfc      0x20c /home/light/micro_ros_raspberrypi_pico_sdk/libmicroros/libmicroros.a(librmw_microxrcedds-rmw_publisher.c.obj)
                0x0000000010009cfc                rmw_create_publisher
 .text.rmw_publisher_get_actual_qos
                0x0000000010009f08       0x20 /home/light/micro_ros_raspberrypi_pico_sdk/libmicroros/libmicroros.a(librmw_microxrcedds-rmw_publisher.c.obj)
                0x0000000010009f08                rmw_publisher_get_actual_qos
 .text.rmw_destroy_publisher
                0x0000000010009f28       0xf4 /home/light/micro_ros_raspberrypi_pico_sdk/libmicroros/libmicroros.a(librmw_microxrcedds-rmw_publisher.c.obj)
                0x0000000010009f28                rmw_destroy_publisher
 .text.rmw_create_subscription
                0x000000001000a01c      0x22c /home/light/micro_ros_raspberrypi_pico_sdk/libmicroros/libmicroros.a(librmw_microxrcedds-rmw_subscription.c.obj)
                0x000000001000a01c                rmw_create_subscription
 .text.rmw_subscription_get_actual_qos
                0x000000001000a248       0x20 /home/light/micro_ros_raspberrypi_pico_sdk/libmicroros/libmicroros.a(librmw_microxrcedds-rmw_subscription.c.obj)
                0x000000001000a248                rmw_subscription_get_actual_qos
 .text.rmw_destroy_subscription
                0x000000001000a268      0x128 /home/light/micro_ros_raspberrypi_pico_sdk/libmicroros/libmicroros.a(librmw_microxrcedds-rmw_subscription.c.obj)
                0x000000001000a268                rmw_destroy_subscription
 .text.rmw_take_with_info
                0x000000001000a390       0xac /home/light/micro_ros_raspberrypi_pico_sdk/libmicroros/libmicroros.a(librmw_microxrcedds-rmw_take.c.obj)
                0x000000001000a390                rmw_take_with_info
 .text.rmw_uxrce_transport_init
                0x000000001000a43c       0x2c /home/light/micro_ros_raspberrypi_pico_sdk/libmicroros/libmicroros.a(librmw_microxrcedds-rmw_uxrce_transports.c.obj)
                0x000000001000a43c                rmw_uxrce_transport_init
 .text.rmw_uxrce_init_service_memory
                0x000000001000a468       0x48 /home/light/micro_ros_raspberrypi_pico_sdk/libmicroros/libmicroros.a(librmw_microxrcedds-types.c.obj)
                0x000000001000a468                rmw_uxrce_init_service_memory
 .text.rmw_uxrce_init_client_memory
                0x000000001000a4b0       0x48 /home/light/micro_ros_raspberrypi_pico_sdk/libmicroros/libmicroros.a(librmw_microxrcedds-types.c.obj)
                0x000000001000a4b0                rmw_uxrce_init_client_memory
 .text.rmw_uxrce_init_publisher_memory
                0x000000001000a4f8       0x48 /home/light/micro_ros_raspberrypi_pico_sdk/libmicroros/libmicroros.a(librmw_microxrcedds-types.c.obj)
                0x000000001000a4f8                rmw_uxrce_init_publisher_memory
 .text.rmw_uxrce_init_subscription_memory
                0x000000001000a540       0x48 /home/light/micro_ros_raspberrypi_pico_sdk/libmicroros/libmicroros.a(librmw_microxrcedds-types.c.obj)
                0x000000001000a540                rmw_uxrce_init_subscription_memory
 .text.rmw_uxrce_init_node_memory
                0x000000001000a588       0x48 /home/light/micro_ros_raspberrypi_pico_sdk/libmicroros/libmicroros.a(librmw_microxrcedds-types.c.obj)
                0x000000001000a588                rmw_uxrce_init_node_memory
 .text.rmw_uxrce_init_session_memory
                0x000000001000a5d0       0x50 /home/light/micro_ros_raspberrypi_pico_sdk/libmicroros/libmicroros.a(librmw_microxrcedds-types.c.obj)
                0x000000001000a5d0                rmw_uxrce_init_session_memory
 .text.rmw_uxrce_init_topic_memory
                0x000000001000a620       0x48 /home/light/micro_ros_raspberrypi_pico_sdk/libmicroros/libmicroros.a(librmw_microxrcedds-types.c.obj)
                0x000000001000a620                rmw_uxrce_init_topic_memory
 .text.rmw_uxrce_init_static_input_buffer_memory
                0x000000001000a668       0x50 /home/light/micro_ros_raspberrypi_pico_sdk/libmicroros/libmicroros.a(librmw_microxrcedds-types.c.obj)
                0x000000001000a668                rmw_uxrce_init_static_input_buffer_memory
 .text.rmw_uxrce_init_init_options_impl_memory
                0x000000001000a6b8       0x48 /home/light/micro_ros_raspberrypi_pico_sdk/libmicroros/libmicroros.a(librmw_microxrcedds-types.c.obj)
                0x000000001000a6b8                rmw_uxrce_init_init_options_impl_memory
 .text.rmw_uxrce_init_wait_set_memory
                0x000000001000a700       0x48 /home/light/micro_ros_raspberrypi_pico_sdk/libmicroros/libmicroros.a(librmw_microxrcedds-types.c.obj)
                0x000000001000a700                rmw_uxrce_init_wait_set_memory
 .text.rmw_uxrce_init_guard_condition_memory
                0x000000001000a748       0x48 /home/light/micro_ros_raspberrypi_pico_sdk/libmicroros/libmicroros.a(librmw_microxrcedds-types.c.obj)
                0x000000001000a748                rmw_uxrce_init_guard_condition_memory
 .text.rmw_uxrce_fini_session_memory
                0x000000001000a790       0x10 /home/light/micro_ros_raspberrypi_pico_sdk/libmicroros/libmicroros.a(librmw_microxrcedds-types.c.obj)
                0x000000001000a790                rmw_uxrce_fini_session_memory
 .text.rmw_uxrce_fini_node_memory
                0x000000001000a7a0       0x34 /home/light/micro_ros_raspberrypi_pico_sdk/libmicroros/libmicroros.a(librmw_microxrcedds-types.c.obj)
                0x000000001000a7a0                rmw_uxrce_fini_node_memory
 .text.rmw_uxrce_fini_publisher_memory
                0x000000001000a7d4       0x34 /home/light/micro_ros_raspberrypi_pico_sdk/libmicroros/libmicroros.a(librmw_microxrcedds-types.c.obj)
                0x000000001000a7d4                rmw_uxrce_fini_publisher_memory
 .text.rmw_uxrce_fini_subscription_memory
                0x000000001000a808       0x34 /home/light/micro_ros_raspberrypi_pico_sdk/libmicroros/libmicroros.a(librmw_microxrcedds-types.c.obj)
                0x000000001000a808                rmw_uxrce_fini_subscription_memory
 .text.rmw_uxrce_fini_service_memory
                0x000000001000a83c       0x34 /home/light/micro_ros_raspberrypi_pico_sdk/libmicroros/libmicroros.a(librmw_microxrcedds-types.c.obj)
                0x000000001000a83c                rmw_uxrce_fini_service_memory
 .text.rmw_uxrce_fini_client_memory
                0x000000001000a870       0x34 /home/light/micro_ros_raspberrypi_pico_sdk/libmicroros/libmicroros.a(librmw_microxrcedds-types.c.obj)
                0x000000001000a870                rmw_uxrce_fini_client_memory
 .text.rmw_uxrce_fini_topic_memory
                0x000000001000a8a4       0x18 /home/light/micro_ros_raspberrypi_pico_sdk/libmicroros/libmicroros.a(librmw_microxrcedds-types.c.obj)
                0x000000001000a8a4                rmw_uxrce_fini_topic_memory
 .text.rmw_uxrce_get_static_input_buffer_for_entity
                0x000000001000a8bc       0xbc /home/light/micro_ros_raspberrypi_pico_sdk/libmicroros/libmicroros.a(librmw_microxrcedds-types.c.obj)
                0x000000001000a8bc                rmw_uxrce_get_static_input_buffer_for_entity
 .text.rmw_uxrce_find_static_input_buffer_by_owner
                0x000000001000a978       0x5c /home/light/micro_ros_raspberrypi_pico_sdk/libmicroros/libmicroros.a(librmw_microxrcedds-types.c.obj)
                0x000000001000a978                rmw_uxrce_find_static_input_buffer_by_owner
 .text.rmw_uxrce_clean_expired_static_input_buffer
                0x000000001000a9d4       0xfc /home/light/micro_ros_raspberrypi_pico_sdk/libmicroros/libmicroros.a(librmw_microxrcedds-types.c.obj)
                0x000000001000a9d4                rmw_uxrce_clean_expired_static_input_buffer
 .text.run_xrce_session